Archive member included to satisfy reference by file (symbol)

/opt/sming/Sming/out/Host/debug/lib/clib-hostlib-7ce80fe14e0bec2c306c811debdc9ab6.a(startup.o)
                              /usr/lib/gcc/x86_64-linux-gnu/9/../../../../lib32/Scrt1.o (main)
/opt/sming/Sming/out/Host/debug/lib/clib-hostlib-7ce80fe14e0bec2c306c811debdc9ab6.a(sockets.o)
                              /opt/sming/Sming/out/Host/debug/lib/clib-hostlib-7ce80fe14e0bec2c306c811debdc9ab6.a(startup.o) (sockets_initialise())
/opt/sming/Sming/out/Host/debug/lib/clib-hostlib-7ce80fe14e0bec2c306c811debdc9ab6.a(hostlib.o)
                              /opt/sming/Sming/out/Host/debug/lib/clib-hostlib-7ce80fe14e0bec2c306c811debdc9ab6.a(startup.o) (msleep)
/opt/sming/Sming/out/Host/debug/lib/clib-hostlib-7ce80fe14e0bec2c306c811debdc9ab6.a(except.o)
                              /opt/sming/Sming/out/Host/debug/lib/clib-hostlib-7ce80fe14e0bec2c306c811debdc9ab6.a(startup.o) (trap_exceptions)
/opt/sming/Sming/out/Host/debug/lib/clib-hostlib-7ce80fe14e0bec2c306c811debdc9ab6.a(hostmsg.o)
                              /opt/sming/Sming/out/Host/debug/lib/clib-hostlib-7ce80fe14e0bec2c306c811debdc9ab6.a(except.o) (host_puts)
/opt/sming/Sming/out/Host/debug/lib/clib-hostlib-7ce80fe14e0bec2c306c811debdc9ab6.a(threads.o)
                              /opt/sming/Sming/out/Host/debug/lib/clib-hostlib-7ce80fe14e0bec2c306c811debdc9ab6.a(sockets.o) (CMutex::lock())
/opt/sming/Sming/out/Host/debug/lib/clib-hostlib-7ce80fe14e0bec2c306c811debdc9ab6.a(options.o)
                              /opt/sming/Sming/out/Host/debug/lib/clib-hostlib-7ce80fe14e0bec2c306c811debdc9ab6.a(startup.o) (print_help())
/opt/sming/Sming/out/Host/debug/lib/clib-hostlib-7ce80fe14e0bec2c306c811debdc9ab6.a(CommandLine.o)
                              /opt/sming/Sming/out/Host/debug/lib/clib-hostlib-7ce80fe14e0bec2c306c811debdc9ab6.a(startup.o) (CommandLine::parse(int, char**))
/opt/sming/Sming/out/Host/debug/lib/clib-hostlib-7ce80fe14e0bec2c306c811debdc9ab6.a(init.o)
                              /opt/sming/Sming/out/Host/debug/lib/clib-hostlib-7ce80fe14e0bec2c306c811debdc9ab6.a(startup.o) (host_init)
/opt/sming/Sming/out/Host/debug/lib/clib-spi_flash.a(flashmem.o)
                              /opt/sming/Sming/out/Host/debug/lib/clib-hostlib-7ce80fe14e0bec2c306c811debdc9ab6.a(startup.o) (host_flashmem_init(FlashmemConfig&))
/opt/sming/Sming/out/Host/debug/lib/clib-rboot-8fca20651dfdff62a804f3fee2480fb2.a(rboot.o)
                              /opt/sming/Sming/out/Host/debug/lib/clib-hostlib-7ce80fe14e0bec2c306c811debdc9ab6.a(startup.o) (host_init_bootloader())
/opt/sming/Sming/out/Host/debug/lib/clib-malloc_count-bcb8c4703eae71d5d05c0a6eec1f7daa.a(malloc_count.o)
                              /opt/sming/Sming/out/Host/debug/lib/clib-hostlib-7ce80fe14e0bec2c306c811debdc9ab6.a(sockets.o) (operator new(unsigned int))
/opt/sming/samples/Humidity_DHT22/out/Host/debug/lib/clib-App-488e51643381b7ca077fbf4888971f76.a(rboot-api.o)
                              /opt/sming/Sming/out/Host/debug/lib/clib-rboot-8fca20651dfdff62a804f3fee2480fb2.a(rboot.o) (rboot_get_config)
/opt/sming/samples/Humidity_DHT22/out/Host/debug/lib/clib-App-488e51643381b7ca077fbf4888971f76.a(application.o)
                              /opt/sming/Sming/out/Host/debug/lib/clib-hostlib-7ce80fe14e0bec2c306c811debdc9ab6.a(init.o) (init())
/opt/sming/Sming/out/Host/debug/lib/clib-Sming-f4fec80f9836e7cd9a2801547ac6ca01.a(FakePgmSpace.o)
                              /opt/sming/Sming/out/Host/debug/lib/clib-spi_flash.a(flashmem.o) (memcpy_aligned)
/opt/sming/Sming/out/Host/debug/lib/clib-Sming-f4fec80f9836e7cd9a2801547ac6ca01.a(WString.o)
                              /opt/sming/Sming/out/Host/debug/lib/clib-hostlib-7ce80fe14e0bec2c306c811debdc9ab6.a(CommandLine.o) (String::invalidate())
/opt/sming/Sming/out/Host/debug/lib/clib-Sming-f4fec80f9836e7cd9a2801547ac6ca01.a(Print.o)
                              /opt/sming/samples/Humidity_DHT22/out/Host/debug/lib/clib-App-488e51643381b7ca077fbf4888971f76.a(application.o) (Print::printf(char const*, ...))
/opt/sming/Sming/out/Host/debug/lib/clib-Sming-f4fec80f9836e7cd9a2801547ac6ca01.a(m_printf.o)
                              /opt/sming/Sming/out/Host/debug/lib/clib-Sming-f4fec80f9836e7cd9a2801547ac6ca01.a(Print.o) (m_vsnprintf)
/opt/sming/Sming/out/Host/debug/lib/clib-Sming-f4fec80f9836e7cd9a2801547ac6ca01.a(stringconversion.o)
                              /opt/sming/Sming/out/Host/debug/lib/clib-Sming-f4fec80f9836e7cd9a2801547ac6ca01.a(WString.o) (ultoa_wp)
/opt/sming/Sming/out/Host/debug/lib/clib-Sming-f4fec80f9836e7cd9a2801547ac6ca01.a(stringutil.o)
                              /opt/sming/Sming/out/Host/debug/lib/clib-Sming-f4fec80f9836e7cd9a2801547ac6ca01.a(WString.o) (memicmp)
/opt/sming/Sming/out/Host/debug/lib/clib-Sming-f4fec80f9836e7cd9a2801547ac6ca01.a(System.o)
[...]
Memory Configuration

Name             Origin             Length             Attributes
*default*        0x0000000000000000 0xffffffffffffffff

Linker script and memory map

LOAD /usr/lib/gcc/x86_64-linux-gnu/9/../../../../lib32/Scrt1.o
LOAD /usr/lib/gcc/x86_64-linux-gnu/9/../../../../lib32/crti.o
LOAD /usr/lib/gcc/x86_64-linux-gnu/9/32/crtbeginS.o
START GROUP
LOAD /opt/sming/Sming/out/Host/debug/lib/clib-Sming-f4fec80f9836e7cd9a2801547ac6ca01.a
LOAD /opt/sming/Sming/out/Host/debug/lib/clib-DHTesp.a
LOAD /opt/sming/Sming/out/Host/debug/lib/clib-Storage-8fca20651dfdff62a804f3fee2480fb2.a
LOAD /opt/sming/Sming/out/Host/debug/lib/clib-sming-arch-bcb8c4703eae71d5d05c0a6eec1f7daa.a
LOAD /opt/sming/Sming/out/Host/debug/lib/clib-FlashString.a
LOAD /opt/sming/Sming/out/Host/debug/lib/clib-Spiffs-d1e7f7937cefa6f0f624a73f00990daa.a
LOAD /opt/sming/Sming/out/Host/debug/lib/clib-IFS-e92ce383a1d93c576825dc47f463e4fe.a
LOAD /opt/sming/Sming/out/Host/debug/lib/clib-SPI-1f766ce898bdf77a239ebd5f1e1e74ff.a
LOAD /opt/sming/Sming/out/Host/debug/lib/clib-driver-bcb8c4703eae71d5d05c0a6eec1f7daa.a
LOAD /opt/sming/Sming/out/Host/debug/lib/clib-esp_hal-bcb8c4703eae71d5d05c0a6eec1f7daa.a
LOAD /opt/sming/Sming/out/Host/debug/lib/clib-gdbstub.a
LOAD /opt/sming/Sming/out/Host/debug/lib/clib-heap-bcb8c4703eae71d5d05c0a6eec1f7daa.a
LOAD /opt/sming/Sming/out/Host/debug/lib/clib-hostlib-7ce80fe14e0bec2c306c811debdc9ab6.a
LOAD /opt/sming/Sming/out/Host/debug/lib/clib-libc.a
LOAD /opt/sming/Sming/out/Host/debug/lib/clib-spi_flash.a
LOAD /opt/sming/Sming/out/Host/debug/lib/clib-rboot-8fca20651dfdff62a804f3fee2480fb2.a
LOAD /opt/sming/Sming/out/Host/debug/lib/clib-arch_driver.a
LOAD /opt/sming/Sming/out/Host/debug/lib/clib-SerialLib.a
LOAD /opt/sming/Sming/out/Host/debug/lib/clib-malloc_count-bcb8c4703eae71d5d05c0a6eec1f7daa.a
LOAD /opt/sming/samples/Humidity_DHT22/out/Host/debug/lib/clib-App-488e51643381b7ca077fbf4888971f76.a
LOAD /usr/lib/gcc/x86_64-linux-gnu/9/../../../../lib32/libpthread.so
LOAD /usr/lib/gcc/x86_64-linux-gnu/9/../../../../lib32/librt.so
END GROUP
LOAD /usr/lib/gcc/x86_64-linux-gnu/9/32/libstdc++.so
LOAD /usr/lib/gcc/x86_64-linux-gnu/9/../../../../lib32/libm.so
LOAD /usr/lib/gcc/x86_64-linux-gnu/9/32/libgcc_s.so
START GROUP
LOAD /usr/lib/gcc/x86_64-linux-gnu/9/../../../i386-linux-gnu/libgcc_s.so.1
LOAD /usr/lib/gcc/x86_64-linux-gnu/9/32/libgcc.a
END GROUP
LOAD /usr/lib/gcc/x86_64-linux-gnu/9/32/libgcc.a
LOAD /usr/lib/gcc/x86_64-linux-gnu/9/../../../../lib32/libc.so
START GROUP
LOAD /lib32/libc.so.6
LOAD /usr/lib32/libc_nonshared.a
LOAD /lib32/ld-linux.so.2
END GROUP
LOAD /usr/lib/gcc/x86_64-linux-gnu/9/32/libgcc_s.so
START GROUP
LOAD /usr/lib/gcc/x86_64-linux-gnu/9/../../../i386-linux-gnu/libgcc_s.so.1
LOAD /usr/lib/gcc/x86_64-linux-gnu/9/32/libgcc.a
END GROUP
LOAD /usr/lib/gcc/x86_64-linux-gnu/9/32/libgcc.a
LOAD /usr/lib/gcc/x86_64-linux-gnu/9/32/crtendS.o
LOAD /usr/lib/gcc/x86_64-linux-gnu/9/../../../../lib32/crtn.o
                [!provide]                        PROVIDE (__executable_start = SEGMENT_START ("text-segment", 0x0))
                0x00000000000001b4                . = (SEGMENT_START ("text-segment", 0x0) + SIZEOF_HEADERS)

.interp         0x00000000000001b4       0x13
 *(.interp)
 .interp        0x00000000000001b4       0x13 /usr/lib/gcc/x86_64-linux-gnu/9/../../../../lib32/Scrt1.o

.note.gnu.build-id
                0x00000000000001c8       0x24
 *(.note.gnu.build-id)
 .note.gnu.build-id
                0x00000000000001c8       0x24 /usr/lib/gcc/x86_64-linux-gnu/9/../../../../lib32/Scrt1.o

.note.gnu.property
                0x00000000000001ec       0x1c
 .note.gnu.property
                0x00000000000001ec       0x1c /usr/lib/gcc/x86_64-linux-gnu/9/../../../../lib32/Scrt1.o

.note.ABI-tag   0x0000000000000208       0x20
 .note.ABI-tag  0x0000000000000208       0x20 /usr/lib/gcc/x86_64-linux-gnu/9/../../../../lib32/Scrt1.o

.hash
 *(.hash)

.gnu.hash       0x0000000000000228       0x50
 *(.gnu.hash)
 .gnu.hash      0x0000000000000228       0x50 /usr/lib/gcc/x86_64-linux-gnu/9/../../../../lib32/Scrt1.o

.dynsym         0x0000000000000278      0x8b0
 *(.dynsym)
 .dynsym        0x0000000000000278      0x8b0 /usr/lib/gcc/x86_64-linux-gnu/9/../../../../lib32/Scrt1.o

.dynstr         0x0000000000000b28      0x94f
 *(.dynstr)
 .dynstr        0x0000000000000b28      0x94f /usr/lib/gcc/x86_64-linux-gnu/9/../../../../lib32/Scrt1.o

.gnu.version    0x0000000000001478      0x116
 *(.gnu.version)
 .gnu.version   0x0000000000001478      0x116 /usr/lib/gcc/x86_64-linux-gnu/9/../../../../lib32/Scrt1.o

.gnu.version_d  0x0000000000001590        0x0
 *(.gnu.version_d)
 .gnu.version_d
                0x0000000000001590        0x0 /usr/lib/gcc/x86_64-linux-gnu/9/../../../../lib32/Scrt1.o

.gnu.version_r  0x0000000000001590      0x1c0
 *(.gnu.version_r)
 .gnu.version_r
                0x0000000000001590      0x1c0 /usr/lib/gcc/x86_64-linux-gnu/9/../../../../lib32/Scrt1.o

.rel.dyn        0x0000000000001750      0x930
 *(.rel.init)
 *(.rel.text .rel.text.* .rel.gnu.linkonce.t.*)
 .rel.text.startup.main
                0x0000000000001750        0x0 /usr/lib/gcc/x86_64-linux-gnu/9/../../../../lib32/Scrt1.o
 .rel.text._Z15socket_strerrorB5cxx11v
                0x0000000000001750        0x0 /usr/lib/gcc/x86_64-linux-gnu/9/../../../../lib32/Scrt1.o
 .rel.text._ZNK9CSockAddr4textB5cxx11Ev
                0x0000000000001750        0x0 /usr/lib/gcc/x86_64-linux-gnu/9/../../../../lib32/Scrt1.o
 .rel.text._ZN7CSocketD0Ev
                0x0000000000001750        0x0 /usr/lib/gcc/x86_64-linux-gnu/9/../../../../lib32/Scrt1.o
 .rel.text._ZN11CSocketList3addEP7CSocket
                0x0000000000001750        0x0 /usr/lib/gcc/x86_64-linux-gnu/9/../../../../lib32/Scrt1.o
 .rel.text._ZNK6VectorIN11CommandLine9ParameterEEixEj
                0x0000000000001750        0x0 /usr/lib/gcc/x86_64-linux-gnu/9/../../../../lib32/Scrt1.o
 .rel.text._ZN6VectorIN11CommandLine9ParameterEED2Ev
                0x0000000000001750        0x0 /usr/lib/gcc/x86_64-linux-gnu/9/../../../../lib32/Scrt1.o
 .rel.text._ZN6VectorIN11CommandLine9ParameterEED0Ev
                0x0000000000001750        0x0 /usr/lib/gcc/x86_64-linux-gnu/9/../../../../lib32/Scrt1.o
 .rel.text._ZN11CommandLine10ParametersD2Ev
                0x0000000000001750        0x0 /usr/lib/gcc/x86_64-linux-gnu/9/../../../../lib32/Scrt1.o
 .rel.text._ZN11CommandLineD2Ev
                0x0000000000001750        0x0 /usr/lib/gcc/x86_64-linux-gnu/9/../../../../lib32/Scrt1.o
 .rel.text._ZN11CommandLine10ParametersD0Ev
                0x0000000000001750        0x0 /usr/lib/gcc/x86_64-linux-gnu/9/../../../../lib32/Scrt1.o
 .rel.text._ZN11CommandLine5parseEiPPc
                0x0000000000001750        0x0 /usr/lib/gcc/x86_64-linux-gnu/9/../../../../lib32/Scrt1.o
 .rel.text._ZN3IFS4FileD2Ev
                0x0000000000001750        0x0 /usr/lib/gcc/x86_64-linux-gnu/9/../../../../lib32/Scrt1.o
 .rel.text._ZL13readFlashFilejPvj
                0x0000000000001750        0x0 /usr/lib/gcc/x86_64-linux-gnu/9/../../../../lib32/Scrt1.o
 .rel.text._ZL14writeFlashFilejPKvj
                0x0000000000001750        0x0 /usr/lib/gcc/x86_64-linux-gnu/9/../../../../lib32/Scrt1.o
 .rel.text._Z18host_flashmem_initR14FlashmemConfig
                0x0000000000001750        0x0 /usr/lib/gcc/x86_64-linux-gnu/9/../../../../lib32/Scrt1.o
 .rel.text._Z21host_flashmem_cleanupv
                0x0000000000001750        0x0 /usr/lib/gcc/x86_64-linux-gnu/9/../../../../lib32/Scrt1.o
 .rel.text._ZNSt8functionIFvjEED2Ev
                0x0000000000001750        0x0 /usr/lib/gcc/x86_64-linux-gnu/9/../../../../lib32/Scrt1.o
 .rel.text._ZN12_GLOBAL__N_19inc_countEj
                0x0000000000001750        0x0 /usr/lib/gcc/x86_64-linux-gnu/9/../../../../lib32/Scrt1.o
 .rel.text._ZN12_GLOBAL__N_19dec_countEj
                0x0000000000001750        0x0 /usr/lib/gcc/x86_64-linux-gnu/9/../../../../lib32/Scrt1.o
 .rel.text._ZN5Print5printEPKc
                0x0000000000001750        0x0 /usr/lib/gcc/x86_64-linux-gnu/9/../../../../lib32/Scrt1.o
 .rel.text._Z24onTimer_readTemperaturesv
                0x0000000000001750        0x0 /usr/lib/gcc/x86_64-linux-gnu/9/../../../../lib32/Scrt1.o
 .rel.text._ZN5Print7printlnEPKc
                0x0000000000001750        0x0 /usr/lib/gcc/x86_64-linux-gnu/9/../../../../lib32/Scrt1.o
 .rel.text._Z4initv
                0x0000000000001750        0x0 /usr/lib/gcc/x86_64-linux-gnu/9/../../../../lib32/Scrt1.o
 .rel.text._ZN5TimerD2Ev
                0x0000000000001750        0x0 /usr/lib/gcc/x86_64-linux-gnu/9/../../../../lib32/Scrt1.o
 .rel.text._ZN6String6concatEPKcj.part.0
                0x0000000000001750        0x0 /usr/lib/gcc/x86_64-linux-gnu/9/../../../../lib32/Scrt1.o
 .rel.text._ZN6String4moveERS_
                0x0000000000001750        0x0 /usr/lib/gcc/x86_64-linux-gnu/9/../../../../lib32/Scrt1.o
 .rel.text._ZN6StringaSERKS_
                0x0000000000001750        0x0 /usr/lib/gcc/x86_64-linux-gnu/9/../../../../lib32/Scrt1.o
 .rel.text._ZplRK15StringSumHelperRK6String
                0x0000000000001750        0x0 /usr/lib/gcc/x86_64-linux-gnu/9/../../../../lib32/Scrt1.o
 .rel.text._ZNK6String6equalsEPKcj
                0x0000000000001750        0x0 /usr/lib/gcc/x86_64-linux-gnu/9/../../../../lib32/Scrt1.o
 .rel.text._ZNK6String8endsWithEc
                0x0000000000001750        0x0 /usr/lib/gcc/x86_64-linux-gnu/9/../../../../lib32/Scrt1.o
 .rel.text._ZNK6String7indexOfEcj
                0x0000000000001750        0x0 /usr/lib/gcc/x86_64-linux-gnu/9/../../../../lib32/Scrt1.o
 .rel.text._ZNK6String9substringEjj
                0x0000000000001750        0x0 /usr/lib/gcc/x86_64-linux-gnu/9/../../../../lib32/Scrt1.o
 .rel.text._ZN6String11toLowerCaseEv
                0x0000000000001750        0x0 /usr/lib/gcc/x86_64-linux-gnu/9/../../../../lib32/Scrt1.o
 .rel.text._ZN5Print11printNumberEmh
                0x0000000000001750        0x0 /usr/lib/gcc/x86_64-linux-gnu/9/../../../../lib32/Scrt1.o
 .rel.text._ZN5Print5printEli
                0x0000000000001750        0x0 /usr/lib/gcc/x86_64-linux-gnu/9/../../../../lib32/Scrt1.o
 .rel.text._ZN5Print10printFloatEdh
                0x0000000000001750        0x0 /usr/lib/gcc/x86_64-linux-gnu/9/../../../../lib32/Scrt1.o
 .rel.text._ZN8DelegateIFjPKcjEED2Ev
                0x0000000000001750        0x0 /usr/lib/gcc/x86_64-linux-gnu/9/../../../../lib32/Scrt1.o
 .rel.text._Z9m_setPuts8DelegateIFjPKcjEE
                0x0000000000001750        0x0 /usr/lib/gcc/x86_64-linux-gnu/9/../../../../lib32/Scrt1.o
 .rel.text.m_vprintf.part.0
                0x0000000000001750        0x0 /usr/lib/gcc/x86_64-linux-gnu/9/../../../../lib32/Scrt1.o
 .rel.text._ZN14HardwareSerialD2Ev
                0x0000000000001750        0x0 /usr/lib/gcc/x86_64-linux-gnu/9/../../../../lib32/Scrt1.o
 .rel.text._ZN14HardwareSerial17systemDebugOutputEb
                0x0000000000001750        0x0 /usr/lib/gcc/x86_64-linux-gnu/9/../../../../lib32/Scrt1.o
 .rel.text._ZN5Print5printERK6String
                0x0000000000001750        0x0 /usr/lib/gcc/x86_64-linux-gnu/9/../../../../lib32/Scrt1.o
 .rel.text._ZN15CommandExecutor18processCommandLineERK6String
                0x0000000000001750        0x0 /usr/lib/gcc/x86_64-linux-gnu/9/../../../../lib32/Scrt1.o
 .rel.text._ZN15CommandExecutor15executorReceiveEc
                0x0000000000001750        0x0 /usr/lib/gcc/x86_64-linux-gnu/9/../../../../lib32/Scrt1.o
 .rel.text._ZN14CommandHandlerC2Ev
                0x0000000000001750        0x0 /usr/lib/gcc/x86_64-linux-gnu/9/../../../../lib32/Scrt1.o
 .rel.text._ZN15CommandDelegateaSERKS_
                0x0000000000001750        0x0 /usr/lib/gcc/x86_64-linux-gnu/9/../../../../lib32/Scrt1.o
 .rel.text._ZN7HashMapI6String15CommandDelegateEixERKS0_
                0x0000000000001750        0x0 /usr/lib/gcc/x86_64-linux-gnu/9/../../../../lib32/Scrt1.o
 .rel.text._ZN14CommandHandler18getCommandDelegateERK6String
                0x0000000000001750        0x0 /usr/lib/gcc/x86_64-linux-gnu/9/../../../../lib32/Scrt1.o
 .rel.text._ZNK4FSTR6VectorINS_6StringEE7indexOfIPKcS1_EENSt9enable_ifIXsrSt7is_sameIT0_S1_E5valueEiE4typeERKT_b.part.0
                0x0000000000001750        0x0 /usr/lib/gcc/x86_64-linux-gnu/9/../../../../lib32/Scrt1.o
 .rel.text._ZN7Storage14registerDeviceEPNS_6DeviceE
                0x0000000000001750        0x0 /usr/lib/gcc/x86_64-linux-gnu/9/../../../../lib32/Scrt1.o
 .rel.text._ZN7Storage8SpiFlashD0Ev
                0x0000000000001750        0x0 /usr/lib/gcc/x86_64-linux-gnu/9/../../../../lib32/Scrt1.o
 .rel.text._Z8toStringN7Storage6Device4TypeE
                0x0000000000001750        0x0 /usr/lib/gcc/x86_64-linux-gnu/9/../../../../lib32/Scrt1.o
 .rel.text._ZN7Storage6Device14loadPartitionsERS0_j
                0x0000000000001750        0x0 /usr/lib/gcc/x86_64-linux-gnu/9/../../../../lib32/Scrt1.o
 .rel.text._ZN7Storage14PartitionTable4loadEPKNS_20esp_partition_info_tEj
                0x0000000000001750        0x0 /usr/lib/gcc/x86_64-linux-gnu/9/../../../../lib32/Scrt1.o
 .rel.text._ZNK4FSTR6String16equalsIgnoreCaseERK6String
                0x0000000000001750        0x0 /usr/lib/gcc/x86_64-linux-gnu/9/../../../../lib32/Scrt1.o
 .rel.text._ZN3IFS4Host10FileSystemD0Ev
                0x0000000000001750        0x0 /usr/lib/gcc/x86_64-linux-gnu/9/../../../../lib32/Scrt1.o
 .rel.text._ZN3IFS4Host10FileSystem7getinfoERNS_11IFileSystem4InfoE
                0x0000000000001750        0x0 /usr/lib/gcc/x86_64-linux-gnu/9/../../../../lib32/Scrt1.o
 .rel.text._ZN3IFS4Host10FileSystem5mountEv
                0x0000000000001750        0x0 /usr/lib/gcc/x86_64-linux-gnu/9/../../../../lib32/Scrt1.o
 .rel.text._ZN3IFS4Host10FileSystem9fsetxattrEsNS_12AttributeTagEPKvj
                0x0000000000001750        0x0 /usr/lib/gcc/x86_64-linux-gnu/9/../../../../lib32/Scrt1.o
 .rel.text._ZN3IFS4Host10FileSystem5closeEs
                0x0000000000001750        0x0 /usr/lib/gcc/x86_64-linux-gnu/9/../../../../lib32/Scrt1.o
 .rel.text._ZN3IFS4Host10FileSystem4readEsPvj
                0x0000000000001750        0x0 /usr/lib/gcc/x86_64-linux-gnu/9/../../../../lib32/Scrt1.o
 .rel.text._ZN3IFS4Host10FileSystem5writeEsPKvj
                0x0000000000001750        0x0 /usr/lib/gcc/x86_64-linux-gnu/9/../../../../lib32/Scrt1.o
 .rel.text._ZN3IFS4Host10FileSystem5lseekEsi10SeekOrigin
                0x0000000000001750        0x0 /usr/lib/gcc/x86_64-linux-gnu/9/../../../../lib32/Scrt1.o
 .rel.text._ZN3IFS4Host10FileSystem3eofEs
                0x0000000000001750        0x0 /usr/lib/gcc/x86_64-linux-gnu/9/../../../../lib32/Scrt1.o
 .rel.text._ZN3IFS4Host10FileSystem9ftruncateEsj
                0x0000000000001750        0x0 /usr/lib/gcc/x86_64-linux-gnu/9/../../../../lib32/Scrt1.o
 .rel.text._ZN3IFS4Host10FileSystem5flushEs
                0x0000000000001750        0x0 /usr/lib/gcc/x86_64-linux-gnu/9/../../../../lib32/Scrt1.o
 .rel.text._ZN3IFS4Host10FileSystem7readdirEPNS_11ImplFileDirERNS_4StatE
                0x0000000000001750        0x0 /usr/lib/gcc/x86_64-linux-gnu/9/../../../../lib32/Scrt1.o
 .rel.text._ZN3IFS4Host12_GLOBAL__N_120getExtendedAttributeEsNS_12AttributeTagEPvj
                0x0000000000001750        0x0 /usr/lib/gcc/x86_64-linux-gnu/9/../../../../lib32/Scrt1.o
 .rel.text._ZN3IFS4Host10FileSystem11resolvePathEPKc
                0x0000000000001750        0x0 /usr/lib/gcc/x86_64-linux-gnu/9/../../../../lib32/Scrt1.o
 .rel.text._ZN3IFS4Host10FileSystem5mkdirEPKc
                0x0000000000001750        0x0 /usr/lib/gcc/x86_64-linux-gnu/9/../../../../lib32/Scrt1.o
 .rel.text._ZN3IFS4Host10FileSystem8setxattrEPKcNS_12AttributeTagEPKvj
                0x0000000000001750        0x0 /usr/lib/gcc/x86_64-linux-gnu/9/../../../../lib32/Scrt1.o
 .rel.text._ZN3IFS4Host10FileSystem4openEPKc6BitSetIhNS_8OpenFlagELj6EE
                0x0000000000001750        0x0 /usr/lib/gcc/x86_64-linux-gnu/9/../../../../lib32/Scrt1.o
 .rel.text._ZN3IFS4Host10FileSystem6renameEPKcS3_
                0x0000000000001750        0x0 /usr/lib/gcc/x86_64-linux-gnu/9/../../../../lib32/Scrt1.o
 .rel.text._ZN3IFS4Host10FileSystem6removeEPKc
                0x0000000000001750        0x0 /usr/lib/gcc/x86_64-linux-gnu/9/../../../../lib32/Scrt1.o
 .rel.text._ZN3IFS4Host10FileSystem8fillStatERK4statRNS_4StatE
                0x0000000000001750        0x0 /usr/lib/gcc/x86_64-linux-gnu/9/../../../../lib32/Scrt1.o
 .rel.text._ZN3IFS4Host10FileSystem4statEPKcPNS_4StatE
                0x0000000000001750        0x0 /usr/lib/gcc/x86_64-linux-gnu/9/../../../../lib32/Scrt1.o
 .rel.text._ZN3IFS4Host10FileSystem5fstatEsPNS_4StatE
                0x0000000000001750        0x0 /usr/lib/gcc/x86_64-linux-gnu/9/../../../../lib32/Scrt1.o
 .rel.text._ZN3IFS4Host10FileSystem8closedirEPNS_11ImplFileDirE
                0x0000000000001750        0x0 /usr/lib/gcc/x86_64-linux-gnu/9/../../../../lib32/Scrt1.o
 .rel.text._ZN3IFS4Host10FileSystem7opendirEPKcRPNS_11ImplFileDirE
                0x0000000000001750        0x0 /usr/lib/gcc/x86_64-linux-gnu/9/../../../../lib32/Scrt1.o
 .rel.text._ZN3IFS4Host10FileSystem10fenumxattrEs8DelegateIFbRNS_13AttributeEnumEEEPvj
                0x0000000000001750        0x0 /usr/lib/gcc/x86_64-linux-gnu/9/../../../../lib32/Scrt1.o
 .rel.text._Z8toStringN3IFS12AttributeTagE
                0x0000000000001750        0x0 /usr/lib/gcc/x86_64-linux-gnu/9/../../../../lib32/Scrt1.o
 .rel.text._Z10fromStringPKcRN3IFS12AttributeTagE
                0x0000000000001750        0x0 /usr/lib/gcc/x86_64-linux-gnu/9/../../../../lib32/Scrt1.o
 .rel.text._ZN13CServerSocketD0Ev
                0x0000000000001750        0x0 /usr/lib/gcc/x86_64-linux-gnu/9/../../../../lib32/Scrt1.o
 .rel.text._ZN10UartServer11CUartDevice9terminateEv
                0x0000000000001750        0x0 /usr/lib/gcc/x86_64-linux-gnu/9/../../../../lib32/Scrt1.o
 .rel.text._ZN10UartServer5CUart8onNotifyEP10smg_uart_t22smg_uart_notify_code_t
                0x0000000000001750        0x0 /usr/lib/gcc/x86_64-linux-gnu/9/../../../../lib32/Scrt1.o
 .rel.text._ZN10UartServer11CUartDevice8onNotifyEP10smg_uart_t22smg_uart_notify_code_t
                0x0000000000001750        0x0 /usr/lib/gcc/x86_64-linux-gnu/9/../../../../lib32/Scrt1.o
 .rel.text._ZN10UartServer12_GLOBAL__N_117uartConsoleNotifyEP10smg_uart_t22smg_uart_notify_code_t
                0x0000000000001750        0x0 /usr/lib/gcc/x86_64-linux-gnu/9/../../../../lib32/Scrt1.o
 .rel.text._ZN10UartServer5CUart12serviceWriteEv
                0x0000000000001750        0x0 /usr/lib/gcc/x86_64-linux-gnu/9/../../../../lib32/Scrt1.o
 .rel.text._ZN10UartServer9CUartPortD2Ev
                0x0000000000001750        0x0 /usr/lib/gcc/x86_64-linux-gnu/9/../../../../lib32/Scrt1.o
 .rel.text._ZN10UartServer9CUartPortD0Ev
                0x0000000000001750        0x0 /usr/lib/gcc/x86_64-linux-gnu/9/../../../../lib32/Scrt1.o
 .rel.text._ZN10UartServer11CUartDeviceD2Ev
                0x0000000000001750        0x0 /usr/lib/gcc/x86_64-linux-gnu/9/../../../../lib32/Scrt1.o
 .rel.text._ZN10UartServer11CUartDeviceD0Ev
                0x0000000000001750        0x0 /usr/lib/gcc/x86_64-linux-gnu/9/../../../../lib32/Scrt1.o
 .rel.text._ZN10UartServer5CUartD0Ev
                0x0000000000001750        0x0 /usr/lib/gcc/x86_64-linux-gnu/9/../../../../lib32/Scrt1.o
 .rel.text._ZN10UartServer7startupERKNS_6ConfigE
                0x0000000000001750        0x0 /usr/lib/gcc/x86_64-linux-gnu/9/../../../../lib32/Scrt1.o
 .rel.text._ZN10UartServer11CUartDevice14thread_routineEv
                0x0000000000001750        0x0 /usr/lib/gcc/x86_64-linux-gnu/9/../../../../lib32/Scrt1.o
 .rel.text.smg_uart_uninit
                0x0000000000001750        0x0 /usr/lib/gcc/x86_64-linux-gnu/9/../../../../lib32/Scrt1.o
 .rel.text.smg_uart_init_ex
                0x0000000000001750        0x0 /usr/lib/gcc/x86_64-linux-gnu/9/../../../../lib32/Scrt1.o
 .rel.text._ZN12CTimerThreadD0Ev
                0x0000000000001750        0x0 /usr/lib/gcc/x86_64-linux-gnu/9/../../../../lib32/Scrt1.o
 *(.rel.fini)
 *(.rel.rodata .rel.rodata.* .rel.gnu.linkonce.r.*)
 *(.rel.data.rel.ro .rel.data.rel.ro.* .rel.gnu.linkonce.d.rel.ro.*)
 .rel.data.rel.ro
                0x0000000000001750        0x0 /usr/lib/gcc/x86_64-linux-gnu/9/../../../../lib32/Scrt1.o
 .rel.data.rel.ro.local._ZTV7CSocket
                0x0000000000001750       0x18 /usr/lib/gcc/x86_64-linux-gnu/9/../../../../lib32/Scrt1.o
 .rel.data.rel.ro._ZTV7CThread
                0x0000000000001768        0x8 /usr/lib/gcc/x86_64-linux-gnu/9/../../../../lib32/Scrt1.o
 .rel.data.rel.ro.local._ZL11option_help
                0x0000000000001770      0x198 /usr/lib/gcc/x86_64-linux-gnu/9/../../../../lib32/Scrt1.o
 .rel.data.rel.ro.local._ZL12long_options
                0x0000000000001908       0x90 /usr/lib/gcc/x86_64-linux-gnu/9/../../../../lib32/Scrt1.o
 .rel.data.rel.ro.local._ZTV6VectorIN11CommandLine9ParameterEE
                0x0000000000001998       0x28 /usr/lib/gcc/x86_64-linux-gnu/9/../../../../lib32/Scrt1.o
 .rel.data.rel.ro.local._ZTVN11CommandLine10ParametersE
                0x00000000000019c0       0x28 /usr/lib/gcc/x86_64-linux-gnu/9/../../../../lib32/Scrt1.o
 .rel.data.rel.ro._ZTV14HardwareSerial
                0x00000000000019e8       0xb0 /usr/lib/gcc/x86_64-linux-gnu/9/../../../../lib32/Scrt1.o
 .rel.data.rel.ro.local._ZN12_GLOBAL__N_1L24__fstr__extensionStringsE
                0x0000000000001a98       0x80 /usr/lib/gcc/x86_64-linux-gnu/9/../../../../lib32/Scrt1.o
 .rel.data.rel.ro.local._ZTVN7Storage8SpiFlashE
                0x0000000000001b18       0x58 /usr/lib/gcc/x86_64-linux-gnu/9/../../../../lib32/Scrt1.o
 .rel.data.rel.ro._ZTVN7Storage6DeviceE
                0x0000000000001b70       0x48 /usr/lib/gcc/x86_64-linux-gnu/9/../../../../lib32/Scrt1.o
 .rel.data.rel.ro.local._ZN12_GLOBAL__N_1L19__fstr__typeStringsE
                0x0000000000001bb8       0x38 /usr/lib/gcc/x86_64-linux-gnu/9/../../../../lib32/Scrt1.o
 .rel.data.rel.ro.local._ZTV12DigitalHooks
                0x0000000000001bf0       0x38 /usr/lib/gcc/x86_64-linux-gnu/9/../../../../lib32/Scrt1.o
 .rel.data.rel.ro.local._ZTVN3IFS4Host10FileSystemE
                0x0000000000001c28      0x110 /usr/lib/gcc/x86_64-linux-gnu/9/../../../../lib32/Scrt1.o
 .rel.data.rel.ro.local._ZN12_GLOBAL__N_1L15__fstr__stringsE
                0x0000000000001d38       0x40 /usr/lib/gcc/x86_64-linux-gnu/9/../../../../lib32/Scrt1.o
 .rel.data.rel.ro.local._ZN3IFS5ErrorL20__fstr__errorStringsE
                0x0000000000001d78       0xd8 /usr/lib/gcc/x86_64-linux-gnu/9/../../../../lib32/Scrt1.o
 .rel.data.rel.ro.local._ZTV13CServerSocket
                0x0000000000001e50       0x20 /usr/lib/gcc/x86_64-linux-gnu/9/../../../../lib32/Scrt1.o
 .rel.data.rel.ro.local._ZTVN10UartServer12_GLOBAL__N_114KeyboardThreadE
                0x0000000000001e70       0x18 /usr/lib/gcc/x86_64-linux-gnu/9/../../../../lib32/Scrt1.o
 .rel.data.rel.ro._ZTVN10UartServer5CUartE
                0x0000000000001e88       0x30 /usr/lib/gcc/x86_64-linux-gnu/9/../../../../lib32/Scrt1.o
 .rel.data.rel.ro.local._ZTVN10UartServer9CUartPortE
                0x0000000000001eb8       0x60 /usr/lib/gcc/x86_64-linux-gnu/9/../../../../lib32/Scrt1.o
 .rel.data.rel.ro.local._ZTVN10UartServer11CUartDeviceE
                0x0000000000001f18       0x40 /usr/lib/gcc/x86_64-linux-gnu/9/../../../../lib32/Scrt1.o
 .rel.data.rel.ro.local._ZTV12CTimerThread
                0x0000000000001f58       0x18 /usr/lib/gcc/x86_64-linux-gnu/9/../../../../lib32/Scrt1.o
 *(.rel.data .rel.data.* .rel.gnu.linkonce.d.*)
 .rel.data.rel.local
                0x0000000000001f70        0x8 /usr/lib/gcc/x86_64-linux-gnu/9/../../../../lib32/Scrt1.o
 .rel.data.rel.local._ZL11activeHooks
                0x0000000000001f78        0x8 /usr/lib/gcc/x86_64-linux-gnu/9/../../../../lib32/Scrt1.o
 .rel.data.rel.defaultHooks
                0x0000000000001f80        0x8 /usr/lib/gcc/x86_64-linux-gnu/9/../../../../lib32/Scrt1.o
 *(.rel.tdata .rel.tdata.* .rel.gnu.linkonce.td.*)
 *(.rel.tbss .rel.tbss.* .rel.gnu.linkonce.tb.*)
 *(.rel.ctors)
 *(.rel.dtors)
 *(.rel.got)
 .rel.got       0x0000000000001f88       0x60 /usr/lib/gcc/x86_64-linux-gnu/9/../../../../lib32/Scrt1.o
 *(.rel.bss .rel.bss.* .rel.gnu.linkonce.b.*)
 .rel.bss       0x0000000000001fe8        0x0 /usr/lib/gcc/x86_64-linux-gnu/9/../../../../lib32/Scrt1.o
 *(.rel.ifunc)
 .rel.ifunc     0x0000000000001fe8        0x0 /usr/lib/gcc/x86_64-linux-gnu/9/../../../../lib32/Scrt1.o
 .rel.fini_array
                0x0000000000001fe8       0x10 /usr/lib/gcc/x86_64-linux-gnu/9/../../../../lib32/Scrt1.o
 .rel.init_array
                0x0000000000001ff8       0x88 /usr/lib/gcc/x86_64-linux-gnu/9/../../../../lib32/Scrt1.o

.rel.plt        0x0000000000002080      0x3b0
 *(.rel.plt)
 .rel.plt       0x0000000000002080      0x3b0 /usr/lib/gcc/x86_64-linux-gnu/9/../../../../lib32/Scrt1.o
 *(.rel.iplt)
                0x0000000000003000                . = ALIGN (CONSTANT (MAXPAGESIZE))

.init           0x0000000000003000       0x24
 *(SORT_NONE(.init))
 .init          0x0000000000003000       0x1f /usr/lib/gcc/x86_64-linux-gnu/9/../../../../lib32/crti.o
                0x0000000000003000                _init
 .init          0x000000000000301f        0x5 /usr/lib/gcc/x86_64-linux-gnu/9/../../../../lib32/crtn.o

.plt            0x0000000000003030      0x770
 *(.plt)
 .plt           0x0000000000003030      0x770 /usr/lib/gcc/x86_64-linux-gnu/9/../../../../lib32/Scrt1.o
 *(.iplt)

.plt.got        0x00000000000037a0       0x10
 *(.plt.got)
 .plt.got       0x00000000000037a0       0x10 /usr/lib/gcc/x86_64-linux-gnu/9/../../../../lib32/Scrt1.o

.plt.sec        0x00000000000037b0      0x760
 *(.plt.sec)
 .plt.sec       0x00000000000037b0      0x760 /usr/lib/gcc/x86_64-linux-gnu/9/../../../../lib32/Scrt1.o

.text           0x0000000000003f10     0xd6f8
 *(.text.unlikely .text.*_unlikely .text.unlikely.*)
 *(.text.exit .text.exit.*)
 .text.exit._ZN11MallocCountL6finishEv
                0x0000000000003f10       0x8a /opt/sming/Sming/out/Host/debug/lib/clib-malloc_count-bcb8c4703eae71d5d05c0a6eec1f7daa.a(malloc_count.o)
 *(.text.startup .text.startup.*)
 .text.startup.main
                0x0000000000003f9a      0x3cf /opt/sming/Sming/out/Host/debug/lib/clib-hostlib-7ce80fe14e0bec2c306c811debdc9ab6.a(startup.o)
                0x0000000000003f9a                main
 .text.startup._GLOBAL__sub_I__ZN7CThread14interrupt_maskE
                0x0000000000004369       0x46 /opt/sming/Sming/out/Host/debug/lib/clib-hostlib-7ce80fe14e0bec2c306c811debdc9ab6.a(threads.o)
 .text.startup._GLOBAL__sub_I_commandLine
                0x00000000000043af       0x88 /opt/sming/Sming/out/Host/debug/lib/clib-hostlib-7ce80fe14e0bec2c306c811debdc9ab6.a(CommandLine.o)
 .text.startup._GLOBAL__sub_I__Z18host_flashmem_initR14FlashmemConfig
                0x0000000000004437       0x55 /opt/sming/Sming/out/Host/debug/lib/clib-spi_flash.a(flashmem.o)
 .text.startup._GLOBAL__sub_I__ZN11MallocCount13enableLoggingEb
                0x000000000000448c       0x42 /opt/sming/Sming/out/Host/debug/lib/clib-malloc_count-bcb8c4703eae71d5d05c0a6eec1f7daa.a(malloc_count.o)
 .text.startup._GLOBAL__sub_I_dht
                0x00000000000044ce       0xaa /opt/sming/samples/Humidity_DHT22/out/Host/debug/lib/clib-App-488e51643381b7ca077fbf4888971f76.a(application.o)
 .text.startup._GLOBAL__sub_I__ZN6String7nullstrE
                0x0000000000004578       0x81 /opt/sming/Sming/out/Host/debug/lib/clib-Sming-f4fec80f9836e7cd9a2801547ac6ca01.a(WString.o)
 .text.startup._GLOBAL__sub_I__Z9m_setPuts8DelegateIFjPKcjEE
                0x00000000000045f9       0x42 /opt/sming/Sming/out/Host/debug/lib/clib-Sming-f4fec80f9836e7cd9a2801547ac6ca01.a(m_printf.o)
 .text.startup._GLOBAL__sub_I_Serial
                0x000000000000463b       0xbd /opt/sming/Sming/out/Host/debug/lib/clib-Sming-f4fec80f9836e7cd9a2801547ac6ca01.a(HardwareSerial.o)
 .text.startup._GLOBAL__sub_I__ZN14CommandHandlerC2Ev
                0x00000000000046f8       0x44 /opt/sming/Sming/out/Host/debug/lib/clib-Sming-f4fec80f9836e7cd9a2801547ac6ca01.a(CommandHandler.o)
 .text.startup._GLOBAL__sub_I__ZN3IFS4Host10fileSystemE
                0x000000000000473c       0x5b /opt/sming/Sming/out/Host/debug/lib/clib-IFS-e92ce383a1d93c576825dc47f463e4fe.a(FileSystem.o)
 .text.startup._GLOBAL__sub_I__ZN10UartServer7startupERKNS_6ConfigE
                0x0000000000004797       0x57 /opt/sming/Sming/out/Host/debug/lib/clib-driver-bcb8c4703eae71d5d05c0a6eec1f7daa.a(uart_server.o)
 .text.startup._GLOBAL__sub_I_os_timer_arm_ticks
                0x00000000000047ee       0x38 /opt/sming/Sming/out/Host/debug/lib/clib-driver-bcb8c4703eae71d5d05c0a6eec1f7daa.a(os_timer.o)
 .text.startup._GLOBAL__sub_I__ZN12CTimerThread14thread_routineEv
                0x0000000000004826       0x38 /opt/sming/Sming/out/Host/debug/lib/clib-driver-bcb8c4703eae71d5d05c0a6eec1f7daa.a(hw_timer.o)
 .text.startup._GLOBAL__sub_I_host_system_start_time
                0x000000000000485e       0x7f /opt/sming/Sming/out/Host/debug/lib/clib-esp_hal-bcb8c4703eae71d5d05c0a6eec1f7daa.a(system.o)
 .text.startup._GLOBAL__sub_I_system_os_task
                0x00000000000048dd       0x38 /opt/sming/Sming/out/Host/debug/lib/clib-esp_hal-bcb8c4703eae71d5d05c0a6eec1f7daa.a(tasks.o)
 .text.startup._GLOBAL__sub_I__ZN8serialibC2Ev
                0x0000000000004915       0x43 /opt/sming/Sming/out/Host/debug/lib/clib-SerialLib.a(serialib.o)
 *(.text.hot .text.hot.*)
 *(SORT_BY_NAME(.text.sorted.*))
 *(.text .stub .text.* .gnu.linkonce.t.*)
 *fill*         0x0000000000004958        0x8 
 .text          0x0000000000004960       0x3a /usr/lib/gcc/x86_64-linux-gnu/9/../../../../lib32/Scrt1.o
                0x0000000000004960                _start
 *fill*         0x000000000000499a        0x6 
 .text.__x86.get_pc_thunk.bx
                0x00000000000049a0        0x4 /usr/lib/gcc/x86_64-linux-gnu/9/../../../../lib32/crti.o
                0x00000000000049a0                __x86.get_pc_thunk.bx
 *fill*         0x00000000000049a4        0xc 
 .text          0x00000000000049b0       0xe9 /usr/lib/gcc/x86_64-linux-gnu/9/32/crtbeginS.o
 .text.__x86.get_pc_thunk.dx
                0x0000000000004a99        0x4 /usr/lib/gcc/x86_64-linux-gnu/9/32/crtbeginS.o
                0x0000000000004a99                __x86.get_pc_thunk.dx
 .text._ZN12_GLOBAL__N_17cleanupEv
                0x0000000000004a9d       0x4a /opt/sming/Sming/out/Host/debug/lib/clib-hostlib-7ce80fe14e0bec2c306c811debdc9ab6.a(startup.o)
 .text._ZL5pausei
                0x0000000000004ae7       0x61 /opt/sming/Sming/out/Host/debug/lib/clib-hostlib-7ce80fe14e0bec2c306c811debdc9ab6.a(startup.o)
 .text._ZNSt14_Function_baseD2Ev
                0x0000000000004b48       0x20 /opt/sming/Sming/out/Host/debug/lib/clib-hostlib-7ce80fe14e0bec2c306c811debdc9ab6.a(startup.o)
                0x0000000000004b48                std::_Function_base::~_Function_base()
                0x0000000000004b48                std::_Function_base::~_Function_base()
 .text.host_exit
                0x0000000000004b68       0x8a /opt/sming/Sming/out/Host/debug/lib/clib-hostlib-7ce80fe14e0bec2c306c811debdc9ab6.a(startup.o)
                0x0000000000004b68                host_exit
 .text.host_main_loop
                0x0000000000004bf2       0x27 /opt/sming/Sming/out/Host/debug/lib/clib-hostlib-7ce80fe14e0bec2c306c811debdc9ab6.a(startup.o)
                0x0000000000004bf2                host_main_loop
 .text._ZL15socket_blockingib
                0x0000000000004c19       0x55 /opt/sming/Sming/out/Host/debug/lib/clib-hostlib-7ce80fe14e0bec2c306c811debdc9ab6.a(sockets.o)
 .text._Z18sockets_initialisev
                0x0000000000004c6e        0x5 /opt/sming/Sming/out/Host/debug/lib/clib-hostlib-7ce80fe14e0bec2c306c811debdc9ab6.a(sockets.o)
                0x0000000000004c6e                sockets_initialise()
 .text._Z16sockets_finalisev
                0x0000000000004c73        0x5 /opt/sming/Sming/out/Host/debug/lib/clib-hostlib-7ce80fe14e0bec2c306c811debdc9ab6.a(sockets.o)
                0x0000000000004c73                sockets_finalise()
 .text._ZN9CSockAddr6assignEPKcj
                0x0000000000004c78       0x59 /opt/sming/Sming/out/Host/debug/lib/clib-hostlib-7ce80fe14e0bec2c306c811debdc9ab6.a(sockets.o)
                0x0000000000004c78                CSockAddr::assign(char const*, unsigned int)
 *fill*         0x0000000000004cd1        0x1 
 .text._ZN7CSocket11setblockingEb
                0x0000000000004cd2       0x17 /opt/sming/Sming/out/Host/debug/lib/clib-hostlib-7ce80fe14e0bec2c306c811debdc9ab6.a(sockets.o)
                0x0000000000004cd2                CSocket::setblocking(bool)
 *fill*         0x0000000000004ce9        0x1 
 .text._ZN7CSocket9availableEv
                0x0000000000004cea       0x61 /opt/sming/Sming/out/Host/debug/lib/clib-hostlib-7ce80fe14e0bec2c306c811debdc9ab6.a(sockets.o)
                0x0000000000004cea                CSocket::available()
 *fill*         0x0000000000004d4b        0x1 
 .text._ZN7CSocket4sendEPKvji
                0x0000000000004d4c       0x53 /opt/sming/Sming/out/Host/debug/lib/clib-hostlib-7ce80fe14e0bec2c306c811debdc9ab6.a(sockets.o)
                0x0000000000004d4c                CSocket::send(void const*, unsigned int, int)
 *fill*         0x0000000000004d9f        0x1 
 .text._ZN7CSocket4recvEPvji
                0x0000000000004da0       0x2d /opt/sming/Sming/out/Host/debug/lib/clib-hostlib-7ce80fe14e0bec2c306c811debdc9ab6.a(sockets.o)
                0x0000000000004da0                CSocket::recv(void*, unsigned int, int)
 *fill*         0x0000000000004dcd        0x1 
 .text._ZN11CSocketListD2Ev
                0x0000000000004dce       0x6e /opt/sming/Sming/out/Host/debug/lib/clib-hostlib-7ce80fe14e0bec2c306c811debdc9ab6.a(sockets.o)
                0x0000000000004dce                CSocketList::~CSocketList()
                0x0000000000004dce                CSocketList::~CSocketList()
 .text._ZN11CSocketList6activeEv
                0x0000000000004e3c       0x53 /opt/sming/Sming/out/Host/debug/lib/clib-hostlib-7ce80fe14e0bec2c306c811debdc9ab6.a(sockets.o)
                0x0000000000004e3c                CSocketList::active()
 *fill*         0x0000000000004e8f        0x1 
 .text._ZN11CSocketList8closeallEv
                0x0000000000004e90       0x2f /opt/sming/Sming/out/Host/debug/lib/clib-hostlib-7ce80fe14e0bec2c306c811debdc9ab6.a(sockets.o)
                0x0000000000004e90                CSocketList::closeall()
 .text._ZN9__gnu_cxx12__to_xstringINSt7__cxx1112basic_stringIcSt11char_traitsIcESaIcEEEcEET_PFiPT0_jPKS8_PcEjSB_z
                0x0000000000004ebf       0xe3 /opt/sming/Sming/out/Host/debug/lib/clib-hostlib-7ce80fe14e0bec2c306c811debdc9ab6.a(sockets.o)
                0x0000000000004ebf                std::__cxx11::basic_string<char, std::char_traits<char>, std::allocator<char> > __gnu_cxx::__to_xstring<std::__cxx11::basic_string<char, std::char_traits<char>, std::allocator<char> >, char>(int (*)(char*, unsigned int, char const*, char*), unsigned int, char const*, ...)
 .text._ZNSt7__cxx1112basic_stringIcSt11char_traitsIcESaIcEEC2IS3_EEPKcRKS3_
                0x0000000000004fa2       0xa5 /opt/sming/Sming/out/Host/debug/lib/clib-hostlib-7ce80fe14e0bec2c306c811debdc9ab6.a(sockets.o)
                0x0000000000004fa2                std::__cxx11::basic_string<char, std::char_traits<char>, std::allocator<char> >::basic_string<std::allocator<char> >(char const*, std::allocator<char> const&)
                0x0000000000004fa2                std::__cxx11::basic_string<char, std::char_traits<char>, std::allocator<char> >::basic_string<std::allocator<char> >(char const*, std::allocator<char> const&)
 .text._Z15socket_strerrorB5cxx11v
                0x0000000000005047       0xf3 /opt/sming/Sming/out/Host/debug/lib/clib-hostlib-7ce80fe14e0bec2c306c811debdc9ab6.a(sockets.o)
                0x0000000000005047                socket_strerror[abi:cxx11]()
 .text._ZN7CSocket6createEv
                0x000000000000513a      0x14f /opt/sming/Sming/out/Host/debug/lib/clib-hostlib-7ce80fe14e0bec2c306c811debdc9ab6.a(sockets.o)
                0x000000000000513a                CSocket::create()
 *fill*         0x0000000000005289        0x1 
 .text._ZN7CSocket4bindERK9CSockAddr
                0x000000000000528a       0x56 /opt/sming/Sming/out/Host/debug/lib/clib-hostlib-7ce80fe14e0bec2c306c811debdc9ab6.a(sockets.o)
                0x000000000000528a                CSocket::bind(CSockAddr const&)
 .text._ZN13CServerSocket6listenERK9CSockAddrj
                0x00000000000052e0       0x7a /opt/sming/Sming/out/Host/debug/lib/clib-hostlib-7ce80fe14e0bec2c306c811debdc9ab6.a(sockets.o)
                0x00000000000052e0                CServerSocket::listen(CSockAddr const&, unsigned int)
 .text._ZNK9CSockAddr4textB5cxx11Ev
                0x000000000000535a      0x1a2 /opt/sming/Sming/out/Host/debug/lib/clib-hostlib-7ce80fe14e0bec2c306c811debdc9ab6.a(sockets.o)
                0x000000000000535a                CSockAddr::text[abi:cxx11]() const
 .text._ZN7CSocket5closeEv
                0x00000000000054fc       0xa0 /opt/sming/Sming/out/Host/debug/lib/clib-hostlib-7ce80fe14e0bec2c306c811debdc9ab6.a(sockets.o)
                0x00000000000054fc                CSocket::close()
 .text._ZN7CSocketD2Ev
                0x000000000000559c       0x22 /opt/sming/Sming/out/Host/debug/lib/clib-hostlib-7ce80fe14e0bec2c306c811debdc9ab6.a(sockets.o)
                0x000000000000559c                CSocket::~CSocket()
                0x000000000000559c                CSocket::~CSocket()
 .text._ZN7CSocketD0Ev
                0x00000000000055be       0x34 /opt/sming/Sming/out/Host/debug/lib/clib-hostlib-7ce80fe14e0bec2c306c811debdc9ab6.a(sockets.o)
                0x00000000000055be                CSocket::~CSocket()
 .text._ZNSt6vectorIP7CSocketSaIS1_EE17_M_realloc_insertIJRKS1_EEEvN9__gnu_cxx17__normal_iteratorIPS1_S3_EEDpOT_
                0x00000000000055f2      0x108 /opt/sming/Sming/out/Host/debug/lib/clib-hostlib-7ce80fe14e0bec2c306c811debdc9ab6.a(sockets.o)
                0x00000000000055f2                void std::vector<CSocket*, std::allocator<CSocket*> >::_M_realloc_insert<CSocket* const&>(__gnu_cxx::__normal_iterator<CSocket**, std::vector<CSocket*, std::allocator<CSocket*> > >, CSocket* const&)
 .text._ZN11CSocketList3addEP7CSocket
                0x00000000000056fa       0x95 /opt/sming/Sming/out/Host/debug/lib/clib-hostlib-7ce80fe14e0bec2c306c811debdc9ab6.a(sockets.o)
                0x00000000000056fa                CSocketList::add(CSocket*)
 *fill*         0x000000000000578f        0x1 
 .text._ZN13CServerSocket11try_connectEv
                0x0000000000005790       0xf8 /opt/sming/Sming/out/Host/debug/lib/clib-hostlib-7ce80fe14e0bec2c306c811debdc9ab6.a(sockets.o)
                0x0000000000005790                CServerSocket::try_connect()
 .text.__x86.get_pc_thunk.ax
                0x0000000000005888        0x4 /opt/sming/Sming/out/Host/debug/lib/clib-hostlib-7ce80fe14e0bec2c306c811debdc9ab6.a(sockets.o)
                0x0000000000005888                __x86.get_pc_thunk.ax
 .text.msleep   0x000000000000588c       0x5d /opt/sming/Sming/out/Host/debug/lib/clib-hostlib-7ce80fe14e0bec2c306c811debdc9ab6.a(hostlib.o)
                0x000000000000588c                msleep
 .text.getHostAppDir
                0x00000000000058e9       0x64 /opt/sming/Sming/out/Host/debug/lib/clib-hostlib-7ce80fe14e0bec2c306c811debdc9ab6.a(hostlib.o)
                0x00000000000058e9                getHostAppDir
 .text.signal_handler
                0x000000000000594d       0xd5 /opt/sming/Sming/out/Host/debug/lib/clib-hostlib-7ce80fe14e0bec2c306c811debdc9ab6.a(except.o)
 .text.trap_exceptions
                0x0000000000005a22       0x60 /opt/sming/Sming/out/Host/debug/lib/clib-hostlib-7ce80fe14e0bec2c306c811debdc9ab6.a(except.o)
                0x0000000000005a22                trap_exceptions
 .text.host_nputs
                0x0000000000005a82       0x28 /opt/sming/Sming/out/Host/debug/lib/clib-hostlib-7ce80fe14e0bec2c306c811debdc9ab6.a(hostmsg.o)
                0x0000000000005a82                host_nputs
 .text.host_puts
                0x0000000000005aaa       0x2b /opt/sming/Sming/out/Host/debug/lib/clib-hostlib-7ce80fe14e0bec2c306c811debdc9ab6.a(hostmsg.o)
                0x0000000000005aaa                host_puts
 .text.host_printf
                0x0000000000005ad5       0x68 /opt/sming/Sming/out/Host/debug/lib/clib-hostlib-7ce80fe14e0bec2c306c811debdc9ab6.a(hostmsg.o)
                0x0000000000005ad5                host_printf
 .text.host_printfp
                0x0000000000005b3d       0xe5 /opt/sming/Sming/out/Host/debug/lib/clib-hostlib-7ce80fe14e0bec2c306c811debdc9ab6.a(hostmsg.o)
                0x0000000000005b3d                host_printfp
 .text._ZN12_GLOBAL__N_112isMainThreadEv
                0x0000000000005c22       0x33 /opt/sming/Sming/out/Host/debug/lib/clib-hostlib-7ce80fe14e0bec2c306c811debdc9ab6.a(threads.o)
 *fill*         0x0000000000005c55        0x1 
 .text._ZN10CSemaphoreD2Ev
                0x0000000000005c56       0x26 /opt/sming/Sming/out/Host/debug/lib/clib-hostlib-7ce80fe14e0bec2c306c811debdc9ab6.a(threads.o)
                0x0000000000005c56                CSemaphore::~CSemaphore()
                0x0000000000005c56                CSemaphore::~CSemaphore()
 .text._ZN12_GLOBAL__N_114signal_handlerEi
                0x0000000000005c7c       0xe7 /opt/sming/Sming/out/Host/debug/lib/clib-hostlib-7ce80fe14e0bec2c306c811debdc9ab6.a(threads.o)
 *fill*         0x0000000000005d63        0x1 
 .text._ZN6CMutex4lockEv
                0x0000000000005d64       0x32 /opt/sming/Sming/out/Host/debug/lib/clib-hostlib-7ce80fe14e0bec2c306c811debdc9ab6.a(threads.o)
                0x0000000000005d64                CMutex::lock()
 .text._ZN6CMutex6unlockEv
                0x0000000000005d96       0x32 /opt/sming/Sming/out/Host/debug/lib/clib-hostlib-7ce80fe14e0bec2c306c811debdc9ab6.a(threads.o)
                0x0000000000005d96                CMutex::unlock()
 .text._ZN10CSemaphore9timedwaitEj
                0x0000000000005dc8       0xa0 /opt/sming/Sming/out/Host/debug/lib/clib-hostlib-7ce80fe14e0bec2c306c811debdc9ab6.a(threads.o)
                0x0000000000005dc8                CSemaphore::timedwait(unsigned int)
 .text._ZN7CThread7startupEj
                0x0000000000005e68      0x15a /opt/sming/Sming/out/Host/debug/lib/clib-hostlib-7ce80fe14e0bec2c306c811debdc9ab6.a(threads.o)
                0x0000000000005e68                CThread::startup(unsigned int)
 .text._ZN7CThreadC2EPKcj
                0x0000000000005fc2       0x61 /opt/sming/Sming/out/Host/debug/lib/clib-hostlib-7ce80fe14e0bec2c306c811debdc9ab6.a(threads.o)
                0x0000000000005fc2                CThread::CThread(char const*, unsigned int)
                0x0000000000005fc2                CThread::CThread(char const*, unsigned int)
 *fill*         0x0000000000006023        0x1 
 .text._ZN7CThreadD2Ev
                0x0000000000006024        0x5 /opt/sming/Sming/out/Host/debug/lib/clib-hostlib-7ce80fe14e0bec2c306c811debdc9ab6.a(threads.o)
                0x0000000000006024                CThread::~CThread()
                0x0000000000006024                CThread::~CThread()
 *fill*         0x0000000000006029        0x1 
 .text._ZN7CThread14interrupt_lockEv
                0x000000000000602a       0x52 /opt/sming/Sming/out/Host/debug/lib/clib-hostlib-7ce80fe14e0bec2c306c811debdc9ab6.a(threads.o)
                0x000000000000602a                CThread::interrupt_lock()
 .text._ZN7CThread16interrupt_unlockEv
                0x000000000000607c       0x52 /opt/sming/Sming/out/Host/debug/lib/clib-hostlib-7ce80fe14e0bec2c306c811debdc9ab6.a(threads.o)
                0x000000000000607c                CThread::interrupt_unlock()
 .text._ZN7CThread15interrupt_beginEv
                0x00000000000060ce      0x14d /opt/sming/Sming/out/Host/debug/lib/clib-hostlib-7ce80fe14e0bec2c306c811debdc9ab6.a(threads.o)
                0x00000000000060ce                CThread::interrupt_begin()
 *fill*         0x000000000000621b        0x1 
 .text._ZN7CThread13interrupt_endEv
                0x000000000000621c      0x10d /opt/sming/Sming/out/Host/debug/lib/clib-hostlib-7ce80fe14e0bec2c306c811debdc9ab6.a(threads.o)
                0x000000000000621c                CThread::interrupt_end()
 .text._Z16host_thread_waiti
                0x0000000000006329       0x4b /opt/sming/Sming/out/Host/debug/lib/clib-hostlib-7ce80fe14e0bec2c306c811debdc9ab6.a(threads.o)
                0x0000000000006329                host_thread_wait(int)
 .text._Z16host_thread_kickv
                0x0000000000006374       0x2a /opt/sming/Sming/out/Host/debug/lib/clib-hostlib-7ce80fe14e0bec2c306c811debdc9ab6.a(threads.o)
                0x0000000000006374                host_thread_kick()
 .text._Z10print_helpv
                0x000000000000639e      0x1e4 /opt/sming/Sming/out/Host/debug/lib/clib-hostlib-7ce80fe14e0bec2c306c811debdc9ab6.a(options.o)
                0x000000000000639e                print_help()
 .text._Z10get_optioniPPcRPKc
                0x0000000000006582       0x9a /opt/sming/Sming/out/Host/debug/lib/clib-hostlib-7ce80fe14e0bec2c306c811debdc9ab6.a(options.o)
                0x0000000000006582                get_option(int, char**, char const*&)
 .text._Z20get_first_non_optionv
                0x000000000000661c       0x17 /opt/sming/Sming/out/Host/debug/lib/clib-hostlib-7ce80fe14e0bec2c306c811debdc9ab6.a(options.o)
                0x000000000000661c                get_first_non_option()
 *fill*         0x0000000000006633        0x1 
 .text._ZNK6VectorIN11CommandLine9ParameterEE5countEv
                0x0000000000006634        0xf /opt/sming/Sming/out/Host/debug/lib/clib-hostlib-7ce80fe14e0bec2c306c811debdc9ab6.a(CommandLine.o)
                0x0000000000006634                Vector<CommandLine::Parameter>::count() const
 *fill*         0x0000000000006643        0x1 
 .text._ZN6VectorIN11CommandLine9ParameterEEixEj
                0x0000000000006644       0x32 /opt/sming/Sming/out/Host/debug/lib/clib-hostlib-7ce80fe14e0bec2c306c811debdc9ab6.a(CommandLine.o)
                0x0000000000006644                Vector<CommandLine::Parameter>::operator[](unsigned int)
 .text._ZNK6VectorIN11CommandLine9ParameterEE9elementAtEj
                0x0000000000006676       0x32 /opt/sming/Sming/out/Host/debug/lib/clib-hostlib-7ce80fe14e0bec2c306c811debdc9ab6.a(CommandLine.o)
                0x0000000000006676                Vector<CommandLine::Parameter>::elementAt(unsigned int) const
 .text._ZNK6VectorIN11CommandLine9ParameterEEixEj
                0x00000000000066a8        0x9 /opt/sming/Sming/out/Host/debug/lib/clib-hostlib-7ce80fe14e0bec2c306c811debdc9ab6.a(CommandLine.o)
                0x00000000000066a8                Vector<CommandLine::Parameter>::operator[](unsigned int) const
 *fill*         0x00000000000066b1        0x1 
 .text._ZN6VectorIN11CommandLine9ParameterEE17removeAllElementsEv
                0x00000000000066b2       0x4b /opt/sming/Sming/out/Host/debug/lib/clib-hostlib-7ce80fe14e0bec2c306c811debdc9ab6.a(CommandLine.o)
                0x00000000000066b2                Vector<CommandLine::Parameter>::removeAllElements()
 *fill*         0x00000000000066fd        0x1 
 .text._ZN6VectorIN11CommandLine9ParameterEED2Ev
                0x00000000000066fe       0x45 /opt/sming/Sming/out/Host/debug/lib/clib-hostlib-7ce80fe14e0bec2c306c811debdc9ab6.a(CommandLine.o)
                0x00000000000066fe                Vector<CommandLine::Parameter>::~Vector()
                0x00000000000066fe                Vector<CommandLine::Parameter>::~Vector()
 *fill*         0x0000000000006743        0x1 
 .text._ZN6VectorIN11CommandLine9ParameterEED0Ev
                0x0000000000006744       0x34 /opt/sming/Sming/out/Host/debug/lib/clib-hostlib-7ce80fe14e0bec2c306c811debdc9ab6.a(CommandLine.o)
                0x0000000000006744                Vector<CommandLine::Parameter>::~Vector()
 .text._ZN11CommandLine10ParametersD2Ev
                0x0000000000006778       0x22 /opt/sming/Sming/out/Host/debug/lib/clib-hostlib-7ce80fe14e0bec2c306c811debdc9ab6.a(CommandLine.o)
                0x0000000000006778                CommandLine::Parameters::~Parameters()
                0x0000000000006778                CommandLine::Parameters::~Parameters()
 .text._ZN11CommandLineD2Ev
                0x000000000000679a        0x9 /opt/sming/Sming/out/Host/debug/lib/clib-hostlib-7ce80fe14e0bec2c306c811debdc9ab6.a(CommandLine.o)
                0x000000000000679a                CommandLine::~CommandLine()
                0x000000000000679a                CommandLine::~CommandLine()
 *fill*         0x00000000000067a3        0x1 
 .text._ZN11CommandLine10ParametersD0Ev
                0x00000000000067a4       0x34 /opt/sming/Sming/out/Host/debug/lib/clib-hostlib-7ce80fe14e0bec2c306c811debdc9ab6.a(CommandLine.o)
                0x00000000000067a4                CommandLine::Parameters::~Parameters()
 .text._ZN11CommandLine5parseEiPPc
                0x00000000000067d8       0xdc /opt/sming/Sming/out/Host/debug/lib/clib-hostlib-7ce80fe14e0bec2c306c811debdc9ab6.a(CommandLine.o)
                0x00000000000067d8                CommandLine::parse(int, char**)
 .text.host_init
                0x00000000000068b4       0x1d /opt/sming/Sming/out/Host/debug/lib/clib-hostlib-7ce80fe14e0bec2c306c811debdc9ab6.a(init.o)
                0x00000000000068b4                host_init
 *fill*         0x00000000000068d1        0x1 
 .text._ZNK3IFS6FsBase14getErrorStringEi.isra.0
                0x00000000000068d2       0x55 /opt/sming/Sming/out/Host/debug/lib/clib-spi_flash.a(flashmem.o)
 *fill*         0x0000000000006927        0x1 
 .text._ZNK6String5c_strEv
                0x0000000000006928       0x31 /opt/sming/Sming/out/Host/debug/lib/clib-spi_flash.a(flashmem.o)
                0x0000000000006928                String::c_str() const
 *fill*         0x0000000000006959        0x1 
 .text._ZN3IFS4File5closeEv
                0x000000000000695a       0x47 /opt/sming/Sming/out/Host/debug/lib/clib-spi_flash.a(flashmem.o)
                0x000000000000695a                IFS::File::close()
 *fill*         0x00000000000069a1        0x1 
 .text._ZN3IFS4FileD2Ev
                0x00000000000069a2        0x9 /opt/sming/Sming/out/Host/debug/lib/clib-spi_flash.a(flashmem.o)
                0x00000000000069a2                IFS::File::~File()
                0x00000000000069a2                IFS::File::~File()
 *fill*         0x00000000000069ab        0x1 
 .text._ZN3IFS4File4seekEi10SeekOrigin
                0x00000000000069ac       0x3d /opt/sming/Sming/out/Host/debug/lib/clib-spi_flash.a(flashmem.o)
                0x00000000000069ac                IFS::File::seek(int, SeekOrigin)
 .text._ZL13readFlashFilejPvj
                0x00000000000069e9      0x105 /opt/sming/Sming/out/Host/debug/lib/clib-spi_flash.a(flashmem.o)
 .text._ZL14writeFlashFilejPKvj
                0x0000000000006aee      0x105 /opt/sming/Sming/out/Host/debug/lib/clib-spi_flash.a(flashmem.o)
 .text._Z18host_flashmem_initR14FlashmemConfig
                0x0000000000006bf3      0x263 /opt/sming/Sming/out/Host/debug/lib/clib-spi_flash.a(flashmem.o)
                0x0000000000006bf3                host_flashmem_init(FlashmemConfig&)
 .text._Z21host_flashmem_cleanupv
                0x0000000000006e56       0x4d /opt/sming/Sming/out/Host/debug/lib/clib-spi_flash.a(flashmem.o)
                0x0000000000006e56                host_flashmem_cleanup()
 .text.spi_flash_get_id
                0x0000000000006ea3        0xa /opt/sming/Sming/out/Host/debug/lib/clib-spi_flash.a(flashmem.o)
                0x0000000000006ea3                spi_flash_get_id
 .text.flashmem_get_size_bytes
                0x0000000000006ead       0x15 /opt/sming/Sming/out/Host/debug/lib/clib-spi_flash.a(flashmem.o)
                0x0000000000006ead                flashmem_get_size_bytes
 .text.flashmem_write
                0x0000000000006ec2       0x6a /opt/sming/Sming/out/Host/debug/lib/clib-spi_flash.a(flashmem.o)
                0x0000000000006ec2                flashmem_write
 .text.flashmem_read
                0x0000000000006f2c       0x7e /opt/sming/Sming/out/Host/debug/lib/clib-spi_flash.a(flashmem.o)
                0x0000000000006f2c                flashmem_read
 .text.flashmem_erase_sector
                0x0000000000006faa       0xaa /opt/sming/Sming/out/Host/debug/lib/clib-spi_flash.a(flashmem.o)
                0x0000000000006faa                flashmem_erase_sector
 .text._Z20host_init_bootloaderv
                0x0000000000007054      0x320 /opt/sming/Sming/out/Host/debug/lib/clib-rboot-8fca20651dfdff62a804f3fee2480fb2.a(rboot.o)
                0x0000000000007054                host_init_bootloader()
 .text._ZNSt8functionIFvjEED2Ev
                0x0000000000007374        0x9 /opt/sming/Sming/out/Host/debug/lib/clib-malloc_count-bcb8c4703eae71d5d05c0a6eec1f7daa.a(malloc_count.o)
                0x0000000000007374                std::function<void (unsigned int)>::~function()
                0x0000000000007374                std::function<void (unsigned int)>::~function()
 *fill*         0x000000000000737d        0x1 
 .text._ZNKSt8functionIFvjEEclEj
                0x000000000000737e       0x34 /opt/sming/Sming/out/Host/debug/lib/clib-malloc_count-bcb8c4703eae71d5d05c0a6eec1f7daa.a(malloc_count.o)
                0x000000000000737e                std::function<void (unsigned int)>::operator()(unsigned int) const
 .text._ZN12_GLOBAL__N_19inc_countEj
                0x00000000000073b2       0x55 /opt/sming/Sming/out/Host/debug/lib/clib-malloc_count-bcb8c4703eae71d5d05c0a6eec1f7daa.a(malloc_count.o)
 .text.mc_malloc
                0x0000000000007407      0x13c /opt/sming/Sming/out/Host/debug/lib/clib-malloc_count-bcb8c4703eae71d5d05c0a6eec1f7daa.a(malloc_count.o)
                0x0000000000007407                mc_malloc
                0x0000000000007407                __wrap_malloc
 .text._Znwj    0x0000000000007543        0x9 /opt/sming/Sming/out/Host/debug/lib/clib-malloc_count-bcb8c4703eae71d5d05c0a6eec1f7daa.a(malloc_count.o)
                0x0000000000007543                operator new(unsigned int)
 .text._ZnwjRKSt9nothrow_t
                0x000000000000754c        0x9 /opt/sming/Sming/out/Host/debug/lib/clib-malloc_count-bcb8c4703eae71d5d05c0a6eec1f7daa.a(malloc_count.o)
                0x000000000000754c                operator new(unsigned int, std::nothrow_t const&)
 .text._ZnajRKSt9nothrow_t
                0x0000000000007555        0x9 /opt/sming/Sming/out/Host/debug/lib/clib-malloc_count-bcb8c4703eae71d5d05c0a6eec1f7daa.a(malloc_count.o)
                0x0000000000007555                operator new[](unsigned int, std::nothrow_t const&)
 .text._Znaj    0x000000000000755e        0x9 /opt/sming/Sming/out/Host/debug/lib/clib-malloc_count-bcb8c4703eae71d5d05c0a6eec1f7daa.a(malloc_count.o)
                0x000000000000755e                operator new[](unsigned int)
 .text._ZN12_GLOBAL__N_19dec_countEj
                0x0000000000007567       0x3d /opt/sming/Sming/out/Host/debug/lib/clib-malloc_count-bcb8c4703eae71d5d05c0a6eec1f7daa.a(malloc_count.o)
 .text.mc_free  0x00000000000075a4       0xf9 /opt/sming/Sming/out/Host/debug/lib/clib-malloc_count-bcb8c4703eae71d5d05c0a6eec1f7daa.a(malloc_count.o)
                0x00000000000075a4                __wrap_free
                0x00000000000075a4                mc_free
 .text._ZdlPv   0x000000000000769d        0x9 /opt/sming/Sming/out/Host/debug/lib/clib-malloc_count-bcb8c4703eae71d5d05c0a6eec1f7daa.a(malloc_count.o)
                0x000000000000769d                operator delete(void*)
 .text._ZdlPvj  0x00000000000076a6        0x9 /opt/sming/Sming/out/Host/debug/lib/clib-malloc_count-bcb8c4703eae71d5d05c0a6eec1f7daa.a(malloc_count.o)
                0x00000000000076a6                operator delete(void*, unsigned int)
 .text._ZdaPvj  0x00000000000076af        0x9 /opt/sming/Sming/out/Host/debug/lib/clib-malloc_count-bcb8c4703eae71d5d05c0a6eec1f7daa.a(malloc_count.o)
                0x00000000000076af                operator delete[](void*, unsigned int)
 .text._ZdaPv   0x00000000000076b8        0x9 /opt/sming/Sming/out/Host/debug/lib/clib-malloc_count-bcb8c4703eae71d5d05c0a6eec1f7daa.a(malloc_count.o)
                0x00000000000076b8                operator delete[](void*)
 .text.mc_realloc
                0x00000000000076c1      0x21b /opt/sming/Sming/out/Host/debug/lib/clib-malloc_count-bcb8c4703eae71d5d05c0a6eec1f7daa.a(malloc_count.o)
                0x00000000000076c1                __wrap_realloc
                0x00000000000076c1                mc_realloc
 .text.__x86.get_pc_thunk.si
                0x00000000000078dc        0x4 /opt/sming/Sming/out/Host/debug/lib/clib-malloc_count-bcb8c4703eae71d5d05c0a6eec1f7daa.a(malloc_count.o)
                0x00000000000078dc                __x86.get_pc_thunk.si
 .text.rboot_get_config
                0x00000000000078e0       0x61 /opt/sming/samples/Humidity_DHT22/out/Host/debug/lib/clib-App-488e51643381b7ca077fbf4888971f76.a(rboot-api.o)
                0x00000000000078e0                rboot_get_config
 .text.rboot_set_config
                0x0000000000007941       0x87 /opt/sming/samples/Humidity_DHT22/out/Host/debug/lib/clib-App-488e51643381b7ca077fbf4888971f76.a(rboot-api.o)
                0x0000000000007941                rboot_set_config
 .text._ZZN12OsTimer64ApiI5TimerE12initCallbackEvENUlPvE_4_FUNES2_
                0x00000000000079c8       0x7f /opt/sming/samples/Humidity_DHT22/out/Host/debug/lib/clib-App-488e51643381b7ca077fbf4888971f76.a(application.o)
                0x00000000000079c8                OsTimer64Api<Timer>::initCallback()::{lambda(void*)#1}::_FUN(void*)
 *fill*         0x0000000000007a47        0x1 
 .text._ZN5Print5writeEPKc
                0x0000000000007a48       0x34 /opt/sming/samples/Humidity_DHT22/out/Host/debug/lib/clib-App-488e51643381b7ca077fbf4888971f76.a(application.o)
                0x0000000000007a48                Print::write(char const*)
 .text._ZN5Print5printEPKc
                0x0000000000007a7c        0x9 /opt/sming/samples/Humidity_DHT22/out/Host/debug/lib/clib-App-488e51643381b7ca077fbf4888971f76.a(application.o)
                0x0000000000007a7c                Print::print(char const*)
 .text._Z24onTimer_readTemperaturesv
                0x0000000000007a85      0x30d /opt/sming/samples/Humidity_DHT22/out/Host/debug/lib/clib-App-488e51643381b7ca077fbf4888971f76.a(application.o)
                0x0000000000007a85                onTimer_readTemperatures()
 .text._ZN5Print7printlnEPKc
                0x0000000000007d92       0x3f /opt/sming/samples/Humidity_DHT22/out/Host/debug/lib/clib-App-488e51643381b7ca077fbf4888971f76.a(application.o)
                0x0000000000007d92                Print::println(char const*)
 .text._Z4initv
                0x0000000000007dd1      0x1f4 /opt/sming/samples/Humidity_DHT22/out/Host/debug/lib/clib-App-488e51643381b7ca077fbf4888971f76.a(application.o)
                0x0000000000007dd1                init()
 *fill*         0x0000000000007fc5        0x1 
 .text._ZN12OsTimer64ApiI5TimerED2Ev
                0x0000000000007fc6       0x6f /opt/sming/samples/Humidity_DHT22/out/Host/debug/lib/clib-App-488e51643381b7ca077fbf4888971f76.a(application.o)
                0x0000000000007fc6                OsTimer64Api<Timer>::~OsTimer64Api()
                0x0000000000007fc6                OsTimer64Api<Timer>::~OsTimer64Api()
 *fill*         0x0000000000008035        0x1 
 .text._ZN5TimerD2Ev
                0x0000000000008036        0x9 /opt/sming/samples/Humidity_DHT22/out/Host/debug/lib/clib-App-488e51643381b7ca077fbf4888971f76.a(application.o)
                0x0000000000008036                Timer::~Timer()
                0x0000000000008036                Timer::~Timer()
 .text.__x86.get_pc_thunk.di
                0x000000000000803f        0x4 /opt/sming/samples/Humidity_DHT22/out/Host/debug/lib/clib-App-488e51643381b7ca077fbf4888971f76.a(application.o)
                0x000000000000803f                __x86.get_pc_thunk.di
 .text.memcpy_aligned
                0x0000000000008043       0x58 /opt/sming/Sming/out/Host/debug/lib/clib-Sming-f4fec80f9836e7cd9a2801547ac6ca01.a(FakePgmSpace.o)
                0x0000000000008043                memcpy_aligned
 .text.ultoa    0x000000000000809b       0x23 /opt/sming/Sming/out/Host/debug/lib/clib-Sming-f4fec80f9836e7cd9a2801547ac6ca01.a(WString.o)
 .text._ZNK6String6lengthEv
                0x00000000000080be       0x1d /opt/sming/Sming/out/Host/debug/lib/clib-Sming-f4fec80f9836e7cd9a2801547ac6ca01.a(WString.o)
                0x00000000000080be                String::length() const
 *fill*         0x00000000000080db        0x1 
 .text._ZN6String10invalidateEv
                0x00000000000080dc       0x45 /opt/sming/Sming/out/Host/debug/lib/clib-Sming-f4fec80f9836e7cd9a2801547ac6ca01.a(WString.o)
                0x00000000000080dc                String::invalidate()
 *fill*         0x0000000000008121        0x1 
 .text._ZN6StringD2Ev
                0x0000000000008122        0x9 /opt/sming/Sming/out/Host/debug/lib/clib-Sming-f4fec80f9836e7cd9a2801547ac6ca01.a(WString.o)
                0x0000000000008122                String::~String()
                0x0000000000008122                String::~String()
 *fill*         0x000000000000812b        0x1 
 .text._ZN6String7reserveEj
                0x000000000000812c       0xcb /opt/sming/Sming/out/Host/debug/lib/clib-Sming-f4fec80f9836e7cd9a2801547ac6ca01.a(WString.o)
                0x000000000000812c                String::reserve(unsigned int)
 *fill*         0x00000000000081f7        0x1 
 .text._ZN6String9setLengthEj
                0x00000000000081f8       0x4f /opt/sming/Sming/out/Host/debug/lib/clib-Sming-f4fec80f9836e7cd9a2801547ac6ca01.a(WString.o)
                0x00000000000081f8                String::setLength(unsigned int)
 *fill*         0x0000000000008247        0x1 
 .text._ZN6StringC2Ec
                0x0000000000008248       0x47 /opt/sming/Sming/out/Host/debug/lib/clib-Sming-f4fec80f9836e7cd9a2801547ac6ca01.a(WString.o)
                0x0000000000008248                String::String(char)
                0x0000000000008248                String::String(char)
 *fill*         0x000000000000828f        0x1 
 .text._ZN6String6concatEPKcj.part.0
                0x0000000000008290       0xd8 /opt/sming/Sming/out/Host/debug/lib/clib-Sming-f4fec80f9836e7cd9a2801547ac6ca01.a(WString.o)
 .text._ZN6String4copyEPKcj
                0x0000000000008368       0x85 /opt/sming/Sming/out/Host/debug/lib/clib-Sming-f4fec80f9836e7cd9a2801547ac6ca01.a(WString.o)
                0x0000000000008368                String::copy(char const*, unsigned int)
 *fill*         0x00000000000083ed        0x1 
 .text._ZN6StringC2EPKc
                0x00000000000083ee       0x48 /opt/sming/Sming/out/Host/debug/lib/clib-Sming-f4fec80f9836e7cd9a2801547ac6ca01.a(WString.o)
                0x00000000000083ee                String::String(char const*)
                0x00000000000083ee                String::String(char const*)
 .text._ZN6String4copyEPK19__FlashStringHelperj
                0x0000000000008436       0x8b /opt/sming/Sming/out/Host/debug/lib/clib-Sming-f4fec80f9836e7cd9a2801547ac6ca01.a(WString.o)
                0x0000000000008436                String::copy(__FlashStringHelper const*, unsigned int)
 *fill*         0x00000000000084c1        0x1 
 .text._ZN6String9setStringEPK19__FlashStringHelperj
                0x00000000000084c2       0x19 /opt/sming/Sming/out/Host/debug/lib/clib-Sming-f4fec80f9836e7cd9a2801547ac6ca01.a(WString.o)
                0x00000000000084c2                String::setString(__FlashStringHelper const*, unsigned int)
 *fill*         0x00000000000084db        0x1 
 .text._ZN6String4moveERS_
                0x00000000000084dc      0x14a /opt/sming/Sming/out/Host/debug/lib/clib-Sming-f4fec80f9836e7cd9a2801547ac6ca01.a(WString.o)
                0x00000000000084dc                String::move(String&)
 .text._ZN6StringC2EO15StringSumHelper
                0x0000000000008626       0x24 /opt/sming/Sming/out/Host/debug/lib/clib-Sming-f4fec80f9836e7cd9a2801547ac6ca01.a(WString.o)
                0x0000000000008626                String::String(StringSumHelper&&)
                0x0000000000008626                String::String(StringSumHelper&&)
 .text._ZN6StringaSERKS_
                0x000000000000864a       0x5a /opt/sming/Sming/out/Host/debug/lib/clib-Sming-f4fec80f9836e7cd9a2801547ac6ca01.a(WString.o)
                0x000000000000864a                String::operator=(String const&)
 .text._ZN6StringaSEPKc
                0x00000000000086a4       0x41 /opt/sming/Sming/out/Host/debug/lib/clib-Sming-f4fec80f9836e7cd9a2801547ac6ca01.a(WString.o)
                0x00000000000086a4                String::operator=(char const*)
 *fill*         0x00000000000086e5        0x1 
 .text._ZN6StringC2Ejh
                0x00000000000086e6       0x63 /opt/sming/Sming/out/Host/debug/lib/clib-Sming-f4fec80f9836e7cd9a2801547ac6ca01.a(WString.o)
                0x00000000000086e6                String::String(unsigned int, unsigned char)
                0x00000000000086e6                String::String(unsigned int, unsigned char)
 *fill*         0x0000000000008749        0x1 
 .text._ZN6String6concatEPKcj
                0x000000000000874a       0x26 /opt/sming/Sming/out/Host/debug/lib/clib-Sming-f4fec80f9836e7cd9a2801547ac6ca01.a(WString.o)
                0x000000000000874a                String::concat(char const*, unsigned int)
 .text._ZN6String6concatEPKc
                0x0000000000008770       0x33 /opt/sming/Sming/out/Host/debug/lib/clib-Sming-f4fec80f9836e7cd9a2801547ac6ca01.a(WString.o)
                0x0000000000008770                String::concat(char const*)
 *fill*         0x00000000000087a3        0x1 
 .text._ZN6String6concatEi
                0x00000000000087a4       0x70 /opt/sming/Sming/out/Host/debug/lib/clib-Sming-f4fec80f9836e7cd9a2801547ac6ca01.a(WString.o)
                0x00000000000087a4                String::concat(int)
 .text._ZplRK15StringSumHelperRK6String
                0x0000000000008814       0x48 /opt/sming/Sming/out/Host/debug/lib/clib-Sming-f4fec80f9836e7cd9a2801547ac6ca01.a(WString.o)
                0x0000000000008814                operator+(StringSumHelper const&, String const&)
 .text._ZplRK15StringSumHelperPKc
                0x000000000000885c       0x48 /opt/sming/Sming/out/Host/debug/lib/clib-Sming-f4fec80f9836e7cd9a2801547ac6ca01.a(WString.o)
                0x000000000000885c                operator+(StringSumHelper const&, char const*)
 .text._ZplRK15StringSumHelperc
                0x00000000000088a4       0x56 /opt/sming/Sming/out/Host/debug/lib/clib-Sming-f4fec80f9836e7cd9a2801547ac6ca01.a(WString.o)
                0x00000000000088a4                operator+(StringSumHelper const&, char)
 .text._ZNK6String6equalsEPKcj
                0x00000000000088fa       0x56 /opt/sming/Sming/out/Host/debug/lib/clib-Sming-f4fec80f9836e7cd9a2801547ac6ca01.a(WString.o)
                0x00000000000088fa                String::equals(char const*, unsigned int) const
 .text._ZNK6String8endsWithEc
                0x0000000000008950       0x3b /opt/sming/Sming/out/Host/debug/lib/clib-Sming-f4fec80f9836e7cd9a2801547ac6ca01.a(WString.o)
                0x0000000000008950                String::endsWith(char) const
 *fill*         0x000000000000898b        0x1 
 .text._ZNK6String7indexOfEcj
                0x000000000000898c       0x65 /opt/sming/Sming/out/Host/debug/lib/clib-Sming-f4fec80f9836e7cd9a2801547ac6ca01.a(WString.o)
                0x000000000000898c                String::indexOf(char, unsigned int) const
 *fill*         0x00000000000089f1        0x1 
 .text._ZNK6String9substringEjj
                0x00000000000089f2       0x80 /opt/sming/Sming/out/Host/debug/lib/clib-Sming-f4fec80f9836e7cd9a2801547ac6ca01.a(WString.o)
                0x00000000000089f2                String::substring(unsigned int, unsigned int) const
 .text._ZN6String11toLowerCaseEv
                0x0000000000008a72       0x55 /opt/sming/Sming/out/Host/debug/lib/clib-Sming-f4fec80f9836e7cd9a2801547ac6ca01.a(WString.o)
                0x0000000000008a72                String::toLowerCase()
 *fill*         0x0000000000008ac7        0x1 
 .text._ZN5Print5printEc
                0x0000000000008ac8       0x19 /opt/sming/Sming/out/Host/debug/lib/clib-Sming-f4fec80f9836e7cd9a2801547ac6ca01.a(Print.o)
                0x0000000000008ac8                Print::print(char)
 *fill*         0x0000000000008ae1        0x1 
 .text._ZN5Print6printfEPKcz
                0x0000000000008ae2       0xc5 /opt/sming/Sming/out/Host/debug/lib/clib-Sming-f4fec80f9836e7cd9a2801547ac6ca01.a(Print.o)
                0x0000000000008ae2                Print::printf(char const*, ...)
 *fill*         0x0000000000008ba7        0x1 
 .text._ZN5Print11printNumberEmh
                0x0000000000008ba8       0x5e /opt/sming/Sming/out/Host/debug/lib/clib-Sming-f4fec80f9836e7cd9a2801547ac6ca01.a(Print.o)
                0x0000000000008ba8                Print::printNumber(unsigned long, unsigned char)
 .text._ZN5Print5printEli
                0x0000000000008c06       0x76 /opt/sming/Sming/out/Host/debug/lib/clib-Sming-f4fec80f9836e7cd9a2801547ac6ca01.a(Print.o)
                0x0000000000008c06                Print::print(long, int)
 .text._ZN5Print10printFloatEdh
                0x0000000000008c7c      0x166 /opt/sming/Sming/out/Host/debug/lib/clib-Sming-f4fec80f9836e7cd9a2801547ac6ca01.a(Print.o)
                0x0000000000008c7c                Print::printFloat(double, unsigned char)
 .text._ZZ11m_vsnprintfENKUlcE_clEc
                0x0000000000008de2       0x21 /opt/sming/Sming/out/Host/debug/lib/clib-Sming-f4fec80f9836e7cd9a2801547ac6ca01.a(m_printf.o)
 *fill*         0x0000000000008e03        0x1 
 .text._ZN8DelegateIFjPKcjEED2Ev
                0x0000000000008e04        0x9 /opt/sming/Sming/out/Host/debug/lib/clib-Sming-f4fec80f9836e7cd9a2801547ac6ca01.a(m_printf.o)
                0x0000000000008e04                Delegate<unsigned int (char const*, unsigned int)>::~Delegate()
                0x0000000000008e04                Delegate<unsigned int (char const*, unsigned int)>::~Delegate()
 .text.m_vsnprintf
                0x0000000000008e0d      0x360 /opt/sming/Sming/out/Host/debug/lib/clib-Sming-f4fec80f9836e7cd9a2801547ac6ca01.a(m_printf.o)
                0x0000000000008e0d                m_vsnprintf
 .text.m_snprintf
                0x000000000000916d       0x1e /opt/sming/Sming/out/Host/debug/lib/clib-Sming-f4fec80f9836e7cd9a2801547ac6ca01.a(m_printf.o)
                0x000000000000916d                m_snprintf
 *fill*         0x000000000000918b        0x1 
 .text._ZNSt8functionIFjPKcjEEC2ERKS3_
                0x000000000000918c       0x3a /opt/sming/Sming/out/Host/debug/lib/clib-Sming-f4fec80f9836e7cd9a2801547ac6ca01.a(m_printf.o)
                0x000000000000918c                std::function<unsigned int (char const*, unsigned int)>::function(std::function<unsigned int (char const*, unsigned int)> const&)
                0x000000000000918c                std::function<unsigned int (char const*, unsigned int)>::function(std::function<unsigned int (char const*, unsigned int)> const&)
 .text._Z9m_setPuts8DelegateIFjPKcjEE
                0x00000000000091c6       0xb8 /opt/sming/Sming/out/Host/debug/lib/clib-Sming-f4fec80f9836e7cd9a2801547ac6ca01.a(m_printf.o)
                0x00000000000091c6                m_setPuts(Delegate<unsigned int (char const*, unsigned int)>)
 .text._ZNKSt8functionIFjPKcjEEclES1_j
                0x000000000000927e       0x34 /opt/sming/Sming/out/Host/debug/lib/clib-Sming-f4fec80f9836e7cd9a2801547ac6ca01.a(m_printf.o)
                0x000000000000927e                std::function<unsigned int (char const*, unsigned int)>::operator()(char const*, unsigned int) const
 .text.m_vprintf.part.0
                0x00000000000092b2       0x6b /opt/sming/Sming/out/Host/debug/lib/clib-Sming-f4fec80f9836e7cd9a2801547ac6ca01.a(m_printf.o)
 .text.m_vprintf
                0x000000000000931d       0x2b /opt/sming/Sming/out/Host/debug/lib/clib-Sming-f4fec80f9836e7cd9a2801547ac6ca01.a(m_printf.o)
                0x000000000000931d                m_vprintf
 .text.m_printf
                0x0000000000009348       0x3a /opt/sming/Sming/out/Host/debug/lib/clib-Sming-f4fec80f9836e7cd9a2801547ac6ca01.a(m_printf.o)
                0x0000000000009348                m_printf
 .text.__x86.get_pc_thunk.cx
                0x0000000000009382        0x4 /opt/sming/Sming/out/Host/debug/lib/clib-Sming-f4fec80f9836e7cd9a2801547ac6ca01.a(m_printf.o)
                0x0000000000009382                __x86.get_pc_thunk.cx
 .text.ultoa_wp
                0x0000000000009386       0xbc /opt/sming/Sming/out/Host/debug/lib/clib-Sming-f4fec80f9836e7cd9a2801547ac6ca01.a(stringconversion.o)
                0x0000000000009386                ultoa_wp
 .text.ltoa_wp  0x0000000000009442       0x45 /opt/sming/Sming/out/Host/debug/lib/clib-Sming-f4fec80f9836e7cd9a2801547ac6ca01.a(stringconversion.o)
                0x0000000000009442                ltoa_wp
 .text.dtostrf_p
                0x0000000000009487      0x2e8 /opt/sming/Sming/out/Host/debug/lib/clib-Sming-f4fec80f9836e7cd9a2801547ac6ca01.a(stringconversion.o)
                0x0000000000009487                dtostrf_p
 .text.memicmp  0x000000000000976f       0x60 /opt/sming/Sming/out/Host/debug/lib/clib-Sming-f4fec80f9836e7cd9a2801547ac6ca01.a(stringutil.o)
                0x000000000000976f                memicmp
 *fill*         0x00000000000097cf        0x1 
 .text._ZN11SystemClass11taskHandlerEP10os_event_t
                0x00000000000097d0       0x1b /opt/sming/Sming/out/Host/debug/lib/clib-Sming-f4fec80f9836e7cd9a2801547ac6ca01.a(System.o)
                0x00000000000097d0                SystemClass::taskHandler(os_event_t*)
 *fill*         0x00000000000097eb        0x1 
 .text._ZN11SystemClass10initializeEv
                0x00000000000097ec       0x58 /opt/sming/Sming/out/Host/debug/lib/clib-Sming-f4fec80f9836e7cd9a2801547ac6ca01.a(System.o)
                0x00000000000097ec                SystemClass::initialize()
 .text._ZN11SystemClass13queueCallbackEPFvjEj
                0x0000000000009844       0x31 /opt/sming/Sming/out/Host/debug/lib/clib-Sming-f4fec80f9836e7cd9a2801547ac6ca01.a(System.o)
                0x0000000000009844                SystemClass::queueCallback(void (*)(unsigned int), unsigned int)
 *fill*         0x0000000000009875        0x1 
 .text._ZNK17IDataSourceStream13getStreamTypeEv
                0x0000000000009876        0xa /opt/sming/Sming/out/Host/debug/lib/clib-Sming-f4fec80f9836e7cd9a2801547ac6ca01.a(HardwareSerial.o)
                0x0000000000009876                IDataSourceStream::getStreamType() const
 .text._ZNK17IDataSourceStream7isValidEv
                0x0000000000009880       0x1d /opt/sming/Sming/out/Host/debug/lib/clib-Sming-f4fec80f9836e7cd9a2801547ac6ca01.a(HardwareSerial.o)
                0x0000000000009880                IDataSourceStream::isValid() const
 *fill*         0x000000000000989d        0x1 
 .text._ZN17IDataSourceStream8seekFromEi10SeekOrigin
                0x000000000000989e        0x8 /opt/sming/Sming/out/Host/debug/lib/clib-Sming-f4fec80f9836e7cd9a2801547ac6ca01.a(HardwareSerial.o)
                0x000000000000989e                IDataSourceStream::seekFrom(int, SeekOrigin)
 .text._ZN15ReadWriteStream5writeEh
                0x00000000000098a6       0x21 /opt/sming/Sming/out/Host/debug/lib/clib-Sming-f4fec80f9836e7cd9a2801547ac6ca01.a(HardwareSerial.o)
                0x00000000000098a6                ReadWriteStream::write(unsigned char)
 *fill*         0x00000000000098c7        0x1 
 .text._ZN14HardwareSerial4seekEi
                0x00000000000098c8        0x7 /opt/sming/Sming/out/Host/debug/lib/clib-Sming-f4fec80f9836e7cd9a2801547ac6ca01.a(HardwareSerial.o)
                0x00000000000098c8                HardwareSerial::seek(int)
 *fill*         0x00000000000098cf        0x1 
 .text._ZN14HardwareSerial10isFinishedEv
                0x00000000000098d0        0x7 /opt/sming/Sming/out/Host/debug/lib/clib-Sming-f4fec80f9836e7cd9a2801547ac6ca01.a(HardwareSerial.o)
                0x00000000000098d0                HardwareSerial::isFinished()
 *fill*         0x00000000000098d7        0x1 
 .text._ZN14HardwareSerial5writeEPKhj
                0x00000000000098d8       0x2c /opt/sming/Sming/out/Host/debug/lib/clib-Sming-f4fec80f9836e7cd9a2801547ac6ca01.a(HardwareSerial.o)
                0x00000000000098d8                HardwareSerial::write(unsigned char const*, unsigned int)
 .text._ZN14HardwareSerial9availableEv
                0x0000000000009904       0x26 /opt/sming/Sming/out/Host/debug/lib/clib-Sming-f4fec80f9836e7cd9a2801547ac6ca01.a(HardwareSerial.o)
                0x0000000000009904                HardwareSerial::available()
 .text._ZN14HardwareSerial4readEv
                0x000000000000992a       0x58 /opt/sming/Sming/out/Host/debug/lib/clib-Sming-f4fec80f9836e7cd9a2801547ac6ca01.a(HardwareSerial.o)
                0x000000000000992a                HardwareSerial::read()
 .text._ZN14HardwareSerial15readMemoryBlockEPci
                0x0000000000009982       0x2c /opt/sming/Sming/out/Host/debug/lib/clib-Sming-f4fec80f9836e7cd9a2801547ac6ca01.a(HardwareSerial.o)
                0x0000000000009982                HardwareSerial::readMemoryBlock(char*, int)
 .text._ZN14HardwareSerial21staticCallbackHandlerEP10smg_uart_tj
                0x00000000000099ae       0x5b /opt/sming/Sming/out/Host/debug/lib/clib-Sming-f4fec80f9836e7cd9a2801547ac6ca01.a(HardwareSerial.o)
                0x00000000000099ae                HardwareSerial::staticCallbackHandler(smg_uart_t*, unsigned int)
 *fill*         0x0000000000009a09        0x1 
 .text._ZN17IDataSourceStream10moveStringER6String
                0x0000000000009a0a       0x27 /opt/sming/Sming/out/Host/debug/lib/clib-Sming-f4fec80f9836e7cd9a2801547ac6ca01.a(HardwareSerial.o)
                0x0000000000009a0a                IDataSourceStream::moveString(String&)
 *fill*         0x0000000000009a31        0x1 
 .text._ZNK17IDataSourceStream11getMimeTypeEv
                0x0000000000009a32       0x80 /opt/sming/Sming/out/Host/debug/lib/clib-Sming-f4fec80f9836e7cd9a2801547ac6ca01.a(HardwareSerial.o)
                0x0000000000009a32                IDataSourceStream::getMimeType() const
 .text._ZNK17IDataSourceStream7getNameEv
                0x0000000000009ab2       0x2b /opt/sming/Sming/out/Host/debug/lib/clib-Sming-f4fec80f9836e7cd9a2801547ac6ca01.a(HardwareSerial.o)
                0x0000000000009ab2                IDataSourceStream::getName() const
 *fill*         0x0000000000009add        0x1 
 .text._ZNK17IDataSourceStream2idEv
                0x0000000000009ade       0x2b /opt/sming/Sming/out/Host/debug/lib/clib-Sming-f4fec80f9836e7cd9a2801547ac6ca01.a(HardwareSerial.o)
                0x0000000000009ade                IDataSourceStream::id() const
 *fill*         0x0000000000009b09        0x1 
 .text._ZN14HardwareSerial7indexOfEc
                0x0000000000009b0a       0x2b /opt/sming/Sming/out/Host/debug/lib/clib-Sming-f4fec80f9836e7cd9a2801547ac6ca01.a(HardwareSerial.o)
                0x0000000000009b0a                HardwareSerial::indexOf(char)
 *fill*         0x0000000000009b35        0x1 
 .text._ZN14HardwareSerial5flushEv
                0x0000000000009b36       0x29 /opt/sming/Sming/out/Host/debug/lib/clib-Sming-f4fec80f9836e7cd9a2801547ac6ca01.a(HardwareSerial.o)
                0x0000000000009b36                HardwareSerial::flush()
 *fill*         0x0000000000009b5f        0x1 
 .text._ZN14HardwareSerial4peekEv
                0x0000000000009b60       0x26 /opt/sming/Sming/out/Host/debug/lib/clib-Sming-f4fec80f9836e7cd9a2801547ac6ca01.a(HardwareSerial.o)
                0x0000000000009b60                HardwareSerial::peek()
 .text._ZNSt14_Function_base13_Base_managerISt5_BindIFPFjP10smg_uart_tPKvjES3_St12_PlaceholderILi1EES8_ILi2EEEEE10_M_managerERSt9_Any_dataRKSE_St18_Manager_operation
                0x0000000000009b86       0x6b /opt/sming/Sming/out/Host/debug/lib/clib-Sming-f4fec80f9836e7cd9a2801547ac6ca01.a(HardwareSerial.o)
                0x0000000000009b86                std::_Function_base::_Base_manager<std::_Bind<unsigned int (*(smg_uart_t*, std::_Placeholder<1>, std::_Placeholder<2>))(smg_uart_t*, void const*, unsigned int)> >::_M_manager(std::_Any_data&, std::_Any_data const&, std::_Manager_operation)
 .text._ZNSt17_Function_handlerIFjPKcjESt5_BindIFPFjP10smg_uart_tPKvjES5_St12_PlaceholderILi1EESA_ILi2EEEEE9_M_invokeERKSt9_Any_dataOS1_Oj
                0x0000000000009bf1       0x27 /opt/sming/Sming/out/Host/debug/lib/clib-Sming-f4fec80f9836e7cd9a2801547ac6ca01.a(HardwareSerial.o)
                0x0000000000009bf1                std::_Function_handler<unsigned int (char const*, unsigned int), std::_Bind<unsigned int (*(smg_uart_t*, std::_Placeholder<1>, std::_Placeholder<2>))(smg_uart_t*, void const*, unsigned int)> >::_M_invoke(std::_Any_data const&, char const*&&, unsigned int&&)
 .text._ZN14HardwareSerialD2Ev
                0x0000000000009c18       0x61 /opt/sming/Sming/out/Host/debug/lib/clib-Sming-f4fec80f9836e7cd9a2801547ac6ca01.a(HardwareSerial.o)
                0x0000000000009c18                HardwareSerial::~HardwareSerial()
                0x0000000000009c18                HardwareSerial::~HardwareSerial()
 *fill*         0x0000000000009c79        0x1 
 .text._ZN14HardwareSerialD0Ev
                0x0000000000009c7a       0x34 /opt/sming/Sming/out/Host/debug/lib/clib-Sming-f4fec80f9836e7cd9a2801547ac6ca01.a(HardwareSerial.o)
                0x0000000000009c7a                HardwareSerial::~HardwareSerial()
 .text._ZN14HardwareSerial3endEv
                0x0000000000009cae       0x50 /opt/sming/Sming/out/Host/debug/lib/clib-Sming-f4fec80f9836e7cd9a2801547ac6ca01.a(HardwareSerial.o)
                0x0000000000009cae                HardwareSerial::end()
 .text._ZN14HardwareSerial17systemDebugOutputEb
                0x0000000000009cfe       0xe1 /opt/sming/Sming/out/Host/debug/lib/clib-Sming-f4fec80f9836e7cd9a2801547ac6ca01.a(HardwareSerial.o)
                0x0000000000009cfe                HardwareSerial::systemDebugOutput(bool)
 *fill*         0x0000000000009ddf        0x1 
 .text._ZN14HardwareSerial15invokeCallbacksEv
                0x0000000000009de0       0xf8 /opt/sming/Sming/out/Host/debug/lib/clib-Sming-f4fec80f9836e7cd9a2801547ac6ca01.a(HardwareSerial.o)
                0x0000000000009de0                HardwareSerial::invokeCallbacks()
 .text._ZN14HardwareSerial20staticOnStatusChangeEPv
                0x0000000000009ed8       0x15 /opt/sming/Sming/out/Host/debug/lib/clib-Sming-f4fec80f9836e7cd9a2801547ac6ca01.a(HardwareSerial.o)
                0x0000000000009ed8                HardwareSerial::staticOnStatusChange(void*)
 *fill*         0x0000000000009eed        0x1 
 .text._ZN14HardwareSerial18updateUartCallbackEv
                0x0000000000009eee       0x68 /opt/sming/Sming/out/Host/debug/lib/clib-Sming-f4fec80f9836e7cd9a2801547ac6ca01.a(HardwareSerial.o)
                0x0000000000009eee                HardwareSerial::updateUartCallback()
 .text._ZN14HardwareSerial5beginEj12SerialFormat10SerialModehh
                0x0000000000009f56       0xa4 /opt/sming/Sming/out/Host/debug/lib/clib-Sming-f4fec80f9836e7cd9a2801547ac6ca01.a(HardwareSerial.o)
                0x0000000000009f56                HardwareSerial::begin(unsigned int, SerialFormat, SerialMode, unsigned char, unsigned char)
 .text._ZN5Print5printERK6String
                0x0000000000009ffa       0x3b /opt/sming/Sming/out/Host/debug/lib/clib-Sming-f4fec80f9836e7cd9a2801547ac6ca01.a(CommandExecutor.o)
                0x0000000000009ffa                Print::print(String const&)
 *fill*         0x000000000000a035        0x1 
 .text._ZN15CommandExecutorD2Ev
                0x000000000000a036       0x1e /opt/sming/Sming/out/Host/debug/lib/clib-Sming-f4fec80f9836e7cd9a2801547ac6ca01.a(CommandExecutor.o)
                0x000000000000a036                CommandExecutor::~CommandExecutor()
                0x000000000000a036                CommandExecutor::~CommandExecutor()
 .text._ZN15CommandExecutor18processCommandLineERK6String
                0x000000000000a054      0x2df /opt/sming/Sming/out/Host/debug/lib/clib-Sming-f4fec80f9836e7cd9a2801547ac6ca01.a(CommandExecutor.o)
                0x000000000000a054                CommandExecutor::processCommandLine(String const&)
 *fill*         0x000000000000a333        0x1 
 .text._ZN15CommandExecutor15executorReceiveEc
                0x000000000000a334      0x169 /opt/sming/Sming/out/Host/debug/lib/clib-Sming-f4fec80f9836e7cd9a2801547ac6ca01.a(CommandExecutor.o)
                0x000000000000a334                CommandExecutor::executorReceive(char)
 *fill*         0x000000000000a49d        0x1 
 .text._ZN15CommandDelegateC2Ev
                0x000000000000a49e       0x51 /opt/sming/Sming/out/Host/debug/lib/clib-Sming-f4fec80f9836e7cd9a2801547ac6ca01.a(CommandDelegate.o)
                0x000000000000a49e                CommandDelegate::CommandDelegate()
                0x000000000000a49e                CommandDelegate::CommandDelegate()
 *fill*         0x000000000000a4ef        0x1 
 .text._ZN15CommandDelegateC2E6StringS0_S0_8DelegateIFvS0_P13CommandOutputEE
                0x000000000000a4f0       0xb3 /opt/sming/Sming/out/Host/debug/lib/clib-Sming-f4fec80f9836e7cd9a2801547ac6ca01.a(CommandDelegate.o)
                0x000000000000a4f0                CommandDelegate::CommandDelegate(String, String, String, Delegate<void (String, CommandOutput*)>)
                0x000000000000a4f0                CommandDelegate::CommandDelegate(String, String, String, Delegate<void (String, CommandOutput*)>)
 *fill*         0x000000000000a5a3        0x1 
 .text._ZN15CommandDelegateD2Ev
                0x000000000000a5a4       0x54 /opt/sming/Sming/out/Host/debug/lib/clib-Sming-f4fec80f9836e7cd9a2801547ac6ca01.a(CommandDelegate.o)
                0x000000000000a5a4                CommandDelegate::~CommandDelegate()
                0x000000000000a5a4                CommandDelegate::~CommandDelegate()
 .text._ZN14CommandHandlerD2Ev
                0x000000000000a5f8      0x10b /opt/sming/Sming/out/Host/debug/lib/clib-Sming-f4fec80f9836e7cd9a2801547ac6ca01.a(CommandHandler.o)
                0x000000000000a5f8                CommandHandler::~CommandHandler()
                0x000000000000a5f8                CommandHandler::~CommandHandler()
 *fill*         0x000000000000a703        0x1 
 .text._ZN6StringC2ERKS_
                0x000000000000a704       0x3e /opt/sming/Sming/out/Host/debug/lib/clib-Sming-f4fec80f9836e7cd9a2801547ac6ca01.a(CommandHandler.o)
                0x000000000000a704                String::String(String const&)
                0x000000000000a704                String::String(String const&)
 .text._ZN6StringC2EPK19__FlashStringHelperj
                0x000000000000a742       0x41 /opt/sming/Sming/out/Host/debug/lib/clib-Sming-f4fec80f9836e7cd9a2801547ac6ca01.a(CommandHandler.o)
                0x000000000000a742                String::String(__FlashStringHelper const*, unsigned int)
                0x000000000000a742                String::String(__FlashStringHelper const*, unsigned int)
 *fill*         0x000000000000a783        0x1 
 .text._ZN14CommandHandlerC2Ev
                0x000000000000a784       0x8e /opt/sming/Sming/out/Host/debug/lib/clib-Sming-f4fec80f9836e7cd9a2801547ac6ca01.a(CommandHandler.o)
                0x000000000000a784                CommandHandler::CommandHandler()
                0x000000000000a784                CommandHandler::CommandHandler()
 .text._ZNSt8functionIFv6StringP13CommandOutputEEC2ERKS4_
                0x000000000000a812       0x3a /opt/sming/Sming/out/Host/debug/lib/clib-Sming-f4fec80f9836e7cd9a2801547ac6ca01.a(CommandHandler.o)
                0x000000000000a812                std::function<void (String, CommandOutput*)>::function(std::function<void (String, CommandOutput*)> const&)
                0x000000000000a812                std::function<void (String, CommandOutput*)>::function(std::function<void (String, CommandOutput*)> const&)
 .text._ZN15CommandDelegateaSERKS_
                0x000000000000a84c       0xbc /opt/sming/Sming/out/Host/debug/lib/clib-Sming-f4fec80f9836e7cd9a2801547ac6ca01.a(CommandHandler.o)
                0x000000000000a84c                CommandDelegate::operator=(CommandDelegate const&)
 .text._ZNK7HashMapI6String15CommandDelegateE7indexOfERKS0_
                0x000000000000a908       0x72 /opt/sming/Sming/out/Host/debug/lib/clib-Sming-f4fec80f9836e7cd9a2801547ac6ca01.a(CommandHandler.o)
                0x000000000000a908                HashMap<String, CommandDelegate>::indexOf(String const&) const
 .text._ZN7HashMapI6String15CommandDelegateE8allocateEj
                0x000000000000a97a      0x122 /opt/sming/Sming/out/Host/debug/lib/clib-Sming-f4fec80f9836e7cd9a2801547ac6ca01.a(CommandHandler.o)
                0x000000000000a97a                HashMap<String, CommandDelegate>::allocate(unsigned int)
 .text._ZN7HashMapI6String15CommandDelegateEixERKS0_
                0x000000000000aa9c       0x8e /opt/sming/Sming/out/Host/debug/lib/clib-Sming-f4fec80f9836e7cd9a2801547ac6ca01.a(CommandHandler.o)
                0x000000000000aa9c                HashMap<String, CommandDelegate>::operator[](String const&)
 .text._ZN14CommandHandler18getCommandDelegateERK6String
                0x000000000000ab2a      0x1d5 /opt/sming/Sming/out/Host/debug/lib/clib-Sming-f4fec80f9836e7cd9a2801547ac6ca01.a(CommandHandler.o)
                0x000000000000ab2a                CommandHandler::getCommandDelegate(String const&)
 *fill*         0x000000000000acff        0x1 
 .text._ZN17IDataSourceStream9readBytesEPcj
                0x000000000000ad00       0x39 /opt/sming/Sming/out/Host/debug/lib/clib-Sming-f4fec80f9836e7cd9a2801547ac6ca01.a(DataSourceStream.o)
                0x000000000000ad00                IDataSourceStream::readBytes(char*, unsigned int)
 *fill*         0x000000000000ad39        0x1 
 .text._ZN17IDataSourceStream10readStringEj
                0x000000000000ad3a       0xb6 /opt/sming/Sming/out/Host/debug/lib/clib-Sming-f4fec80f9836e7cd9a2801547ac6ca01.a(DataSourceStream.o)
                0x000000000000ad3a                IDataSourceStream::readString(unsigned int)
 .text._ZN15ReadWriteStream8copyFromEP17IDataSourceStreamj
                0x000000000000adf0       0xf0 /opt/sming/Sming/out/Host/debug/lib/clib-Sming-f4fec80f9836e7cd9a2801547ac6ca01.a(ReadWriteStream.o)
                0x000000000000adf0                ReadWriteStream::copyFrom(IDataSourceStream*, unsigned int)
 .text._ZNK4FSTR6VectorINS_6StringEE7valueAtEj
                0x000000000000aee0       0x4f /opt/sming/Sming/out/Host/debug/lib/clib-Sming-f4fec80f9836e7cd9a2801547ac6ca01.a(WebConstants.o)
                0x000000000000aee0                FSTR::Vector<FSTR::String>::valueAt(unsigned int) const
 *fill*         0x000000000000af2f        0x1 
 .text._ZNK4FSTR6VectorINS_6StringEE7indexOfIPKcS1_EENSt9enable_ifIXsrSt7is_sameIT0_S1_E5valueEiE4typeERKT_b.part.0
                0x000000000000af30       0xa0 /opt/sming/Sming/out/Host/debug/lib/clib-Sming-f4fec80f9836e7cd9a2801547ac6ca01.a(WebConstants.o)
 .text._ZN11ContentType17fromFileExtensionEPKc8MimeType
                0x000000000000afd0       0x78 /opt/sming/Sming/out/Host/debug/lib/clib-Sming-f4fec80f9836e7cd9a2801547ac6ca01.a(WebConstants.o)
                0x000000000000afd0                ContentType::fromFileExtension(char const*, MimeType)
 .text._ZN11ContentType16fromFullFileNameEPKc8MimeType
                0x000000000000b048       0x47 /opt/sming/Sming/out/Host/debug/lib/clib-Sming-f4fec80f9836e7cd9a2801547ac6ca01.a(WebConstants.o)
                0x000000000000b048                ContentType::fromFullFileName(char const*, MimeType)
 *fill*         0x000000000000b08f        0x1 
 .text._ZN6DHTesp10resetTimerEv
                0x000000000000b090       0x28 /opt/sming/Sming/out/Host/debug/lib/clib-DHTesp.a(DHTesp.o)
                0x000000000000b090                DHTesp::resetTimer()
 .text._ZN6DHTesp10readSensorEv
                0x000000000000b0b8      0x1e4 /opt/sming/Sming/out/Host/debug/lib/clib-DHTesp.a(DHTesp.o)
                0x000000000000b0b8                DHTesp::readSensor()
 .text._ZN6DHTesp5setupEhNS_11DHT_MODEL_tE
                0x000000000000b29c       0x87 /opt/sming/Sming/out/Host/debug/lib/clib-DHTesp.a(DHTesp.o)
                0x000000000000b29c                DHTesp::setup(unsigned char, DHTesp::DHT_MODEL_t)
 *fill*         0x000000000000b323        0x1 
 .text._ZN6DHTesp11getHumidityEv
                0x000000000000b324       0x31 /opt/sming/Sming/out/Host/debug/lib/clib-DHTesp.a(DHTesp.o)
                0x000000000000b324                DHTesp::getHumidity()
 *fill*         0x000000000000b355        0x1 
 .text._ZN6DHTesp14getTemperatureEv
                0x000000000000b356       0x31 /opt/sming/Sming/out/Host/debug/lib/clib-DHTesp.a(DHTesp.o)
                0x000000000000b356                DHTesp::getTemperature()
 *fill*         0x000000000000b387        0x1 
 .text._ZN6DHTesp18getTempAndHumidityEv
                0x000000000000b388       0x4a /opt/sming/Sming/out/Host/debug/lib/clib-DHTesp.a(DHTesp.o)
                0x000000000000b388                DHTesp::getTempAndHumidity()
 .text._ZN6DHTesp16computeHeatIndexEffb
                0x000000000000b3d2      0x207 /opt/sming/Sming/out/Host/debug/lib/clib-DHTesp.a(DHTesp.o)
                0x000000000000b3d2                DHTesp::computeHeatIndex(float, float, bool)
 *fill*         0x000000000000b5d9        0x1 
 .text._ZN6DHTesp15computeDewPointEffb
                0x000000000000b5da      0x140 /opt/sming/Sming/out/Host/debug/lib/clib-DHTesp.a(DHTesp.o)
                0x000000000000b5da                DHTesp::computeDewPoint(float, float, bool)
 .text._ZN6DHTesp15getComfortRatioER12ComfortStateffb
                0x000000000000b71a       0xd3 /opt/sming/Sming/out/Host/debug/lib/clib-DHTesp.a(DHTesp.o)
                0x000000000000b71a                DHTesp::getComfortRatio(ComfortState&, float, float, bool)
 .text._ZSt9__find_ifIN20LinkedObjectTemplateIN7Storage6DeviceEE16IteratorTemplateIS2_PS2_RS2_EEN9__gnu_cxx5__ops16_Iter_equals_valIK6StringEEET_SE_SE_T0_St18input_iterator_tag.isra.0
                0x000000000000b7ed       0xb3 /opt/sming/Sming/out/Host/debug/lib/clib-Storage-8fca20651dfdff62a804f3fee2480fb2.a(Storage.o)